<?xml version="1.0" encoding="UTF-8"?>
<TestRun id="b30927f6-0cda-4cde-8349-bfca5f15daaf" name="Valentin@COOLERMASTER 2014-01-05 23:43:18" runUser="CoolerMaster\Valentin" xmlns="http://microsoft.com/schemas/VisualStudio/TeamTest/2010">
  <TestSettings name="Локальные" id="b11d5189-8198-4f1a-b032-53f58b3280e4">
    <Description>Это - параметры по умолчанию для локального тестового запуска.</Description>
    <Deployment runDeploymentRoot="Valentin_COOLERMASTER 2014-01-05 23_43_18">
      <DeploymentItem filename="C:\Users\Valentin\SkyDrive\Документы\Visual Studio Projects\2010\MyTorrent\BencodeDataParser\bin\Debug\BencodeDataParser.dll" />
    </Deployment>
    <Execution>
      <TestTypeSpecific>
        <UnitTestRunConfig testTypeId="13cdc9d9-ddb5-4fa4-a97d-d965ccfc6d4b">
          <AssemblyResolution>
            <TestDirectory useLoadContext="true" />
          </AssemblyResolution>
        </UnitTestRunConfig>
        <WebTestRunConfiguration testTypeId="4e7599fa-5ecb-43e9-a887-cd63cf72d207">
          <Browser name="Internet Explorer 7.0">
            <Headers>
              <Header name="User-Agent" value="Mozilla/4.0 (compatible; MSIE 7.0; Windows NT 5.1)" />
              <Header name="Accept" value="*/*" />
              <Header name="Accept-Language" value="{{$IEAcceptLanguage}}" />
              <Header name="Accept-Encoding" value="GZIP" />
            </Headers>
          </Browser>
        </WebTestRunConfiguration>
      </TestTypeSpecific>
      <AgentRule name="LocalMachineDefaultRole">
      </AgentRule>
    </Execution>
  </TestSettings>
  <Times creation="2014-01-05T23:43:18.5263979+06:00" queuing="2014-01-05T23:43:18.7464105+06:00" start="2014-01-05T23:43:19.0074254+06:00" finish="2014-01-05T23:43:21.9825956+06:00" />
  <ResultSummary outcome="Completed">
    <Counters total="55" executed="55" passed="55" error="0" failed="0" timeout="0" aborted="0" inconclusive="0" passedButRunAborted="0" notRunnable="0" notExecuted="0" disconnected="0" warning="0" completed="0" inProgress="0" pending="0" />
  </ResultSummary>
  <TestDefinitions>
    <UnitTest name="ValidElementParsingTest" storage="c:\users\valentin\skydrive\документы\visual studio projects\2010\mytorrent\bencodedataparser.tests\bin\debug\bencodedataparser.tests.dll" id="2f5f2f91-d048-67db-247e-64961b2d51fc">
      <DeploymentItems>
        <DeploymentItem filename="BencodeDataParser.Tests\4 DParser Tests\DParser Test Data Set (Valid).xml" />
      </DeploymentItems>
      <Execution id="ff4ff094-aab8-4376-83bf-ae688a5cd536" />
      <TestMethod codeBase="C:/Users/Valentin/SkyDrive/Документы/Visual Studio Projects/2010/MyTorrent/BencodeDataParser.Tests/bin/Debug/BencodeDataParser.Tests.DLL" adapterTypeName="Microsoft.VisualStudio.TestTools.TestTypes.Unit.UnitTestAdapter, Microsoft.VisualStudio.QualityTools.Tips.UnitTest.Adapter, Version=10.0.0.0, Culture=neutral, PublicKeyToken=b03f5f7f11d50a3a" className="MyTorrent.BencodeDataParser.Tests.DParserTest, BencodeDataParser.Tests, Version=1.0.0.0, Culture=neutral, PublicKeyToken=null" name="ValidElementParsingTest" />
      <DataSource connectionString="|DataDirectory|\DParser Test Data Set (Valid).xml" providerInvariantName="Microsoft.VisualStudio.TestTools.DataSource.XML" tableName="ValidElement" />
    </UnitTest>
    <UnitTest name="NParserUsingTest" storage="c:\users\valentin\skydrive\документы\visual studio projects\2010\mytorrent\bencodedataparser.tests\bin\debug\bencodedataparser.tests.dll" id="a7898a01-e786-a2b8-1a42-1dc503dc198f">
      <Execution id="e01a1c1b-e8c7-41c7-ab45-86f928e4d33d" />
      <TestMethod codeBase="C:/Users/Valentin/SkyDrive/Документы/Visual Studio Projects/2010/MyTorrent/BencodeDataParser.Tests/bin/Debug/BencodeDataParser.Tests.DLL" adapterTypeName="Microsoft.VisualStudio.TestTools.TestTypes.Unit.UnitTestAdapter, Microsoft.VisualStudio.QualityTools.Tips.UnitTest.Adapter, Version=10.0.0.0, Culture=neutral, PublicKeyToken=b03f5f7f11d50a3a" className="MyTorrent.BencodeDataParser.Tests.AggregativeParserTest, BencodeDataParser.Tests, Version=1.0.0.0, Culture=neutral, PublicKeyToken=null" name="NParserUsingTest" />
    </UnitTest>
    <UnitTest name="InvalidElementParsingTest" storage="c:\users\valentin\skydrive\документы\visual studio projects\2010\mytorrent\bencodedataparser.tests\bin\debug\bencodedataparser.tests.dll" id="7376997c-4bf7-6bc0-4bd5-95438115a667">
      <DeploymentItems>
        <DeploymentItem filename="BencodeDataParser.Tests\2 NParser Tests\NParser Test Data Set (Invalid).xml" />
      </DeploymentItems>
      <Execution id="dd44acbd-a9ce-4ebe-bfa2-d0f003fd6329" />
      <TestMethod codeBase="C:/Users/Valentin/SkyDrive/Документы/Visual Studio Projects/2010/MyTorrent/BencodeDataParser.Tests/bin/Debug/BencodeDataParser.Tests.DLL" adapterTypeName="Microsoft.VisualStudio.TestTools.TestTypes.Unit.UnitTestAdapter, Microsoft.VisualStudio.QualityTools.Tips.UnitTest.Adapter, Version=10.0.0.0, Culture=neutral, PublicKeyToken=b03f5f7f11d50a3a" className="MyTorrent.BencodeDataParser.Tests.NParserTest, BencodeDataParser.Tests, Version=1.0.0.0, Culture=neutral, PublicKeyToken=null" name="InvalidElementParsingTest" />
      <DataSource connectionString="|DataDirectory|\NParser Test Data Set (Invalid).xml" providerInvariantName="Microsoft.VisualStudio.TestTools.DataSource.XML" tableName="InvalidElement" />
    </UnitTest>
    <UnitTest name="IncompleteElementParsingTest" storage="c:\users\valentin\skydrive\документы\visual studio projects\2010\mytorrent\bencodedataparser.tests\bin\debug\bencodedataparser.tests.dll" id="015cba85-591a-22e7-b5d6-017a72a03144">
      <DeploymentItems>
        <DeploymentItem filename="BencodeDataParser.Tests\2 NParser Tests\NParser Test Data Set (Incomplete).xml" />
      </DeploymentItems>
      <Execution id="8d5a6978-e630-41d5-a58d-de9ff875db61" />
      <TestMethod codeBase="C:/Users/Valentin/SkyDrive/Документы/Visual Studio Projects/2010/MyTorrent/BencodeDataParser.Tests/bin/Debug/BencodeDataParser.Tests.DLL" adapterTypeName="Microsoft.VisualStudio.TestTools.TestTypes.Unit.UnitTestAdapter, Microsoft.VisualStudio.QualityTools.Tips.UnitTest.Adapter, Version=10.0.0.0, Culture=neutral, PublicKeyToken=b03f5f7f11d50a3a" className="MyTorrent.BencodeDataParser.Tests.NParserTest, BencodeDataParser.Tests, Version=1.0.0.0, Culture=neutral, PublicKeyToken=null" name="IncompleteElementParsingTest" />
      <DataSource connectionString="|DataDirectory|\NParser Test Data Set (Incomplete).xml" providerInvariantName="Microsoft.VisualStudio.TestTools.DataSource.XML" tableName="IncompleteElement" />
    </UnitTest>
    <UnitTest name="IncompleteElementParsingTest" storage="c:\users\valentin\skydrive\документы\visual studio projects\2010\mytorrent\bencodedataparser.tests\bin\debug\bencodedataparser.tests.dll" id="f9a11e40-eaba-c423-bbfc-d5c275f37af2">
      <DeploymentItems>
        <DeploymentItem filename="BencodeDataParser.Tests\3 LParser Tests\LParser Test Data Set (Incomplete).xml" />
      </DeploymentItems>
      <Execution id="88c865ef-3ea2-406d-b6bb-9ac5bd037513" />
      <TestMethod codeBase="C:/Users/Valentin/SkyDrive/Документы/Visual Studio Projects/2010/MyTorrent/BencodeDataParser.Tests/bin/Debug/BencodeDataParser.Tests.DLL" adapterTypeName="Microsoft.VisualStudio.TestTools.TestTypes.Unit.UnitTestAdapter, Microsoft.VisualStudio.QualityTools.Tips.UnitTest.Adapter, Version=10.0.0.0, Culture=neutral, PublicKeyToken=b03f5f7f11d50a3a" className="MyTorrent.BencodeDataParser.Tests.LParserTest, BencodeDataParser.Tests, Version=1.0.0.0, Culture=neutral, PublicKeyToken=null" name="IncompleteElementParsingTest" />
      <DataSource connectionString="|DataDirectory|\LParser Test Data Set (Incomplete).xml" providerInvariantName="Microsoft.VisualStudio.TestTools.DataSource.XML" tableName="IncompleteElement" />
    </UnitTest>
    <UnitTest name="LParserUsingTest" storage="c:\users\valentin\skydrive\документы\visual studio projects\2010\mytorrent\bencodedataparser.tests\bin\debug\bencodedataparser.tests.dll" id="3439e34b-d2c8-e836-20ff-9592711313c8">
      <Execution id="01bad50e-7df7-45b6-a204-82e5e61e6838" />
      <TestMethod codeBase="C:/Users/Valentin/SkyDrive/Документы/Visual Studio Projects/2010/MyTorrent/BencodeDataParser.Tests/bin/Debug/BencodeDataParser.Tests.DLL" adapterTypeName="Microsoft.VisualStudio.TestTools.TestTypes.Unit.UnitTestAdapter, Microsoft.VisualStudio.QualityTools.Tips.UnitTest.Adapter, Version=10.0.0.0, Culture=neutral, PublicKeyToken=b03f5f7f11d50a3a" className="MyTorrent.BencodeDataParser.Tests.AggregativeParserTest, BencodeDataParser.Tests, Version=1.0.0.0, Culture=neutral, PublicKeyToken=null" name="LParserUsingTest" />
    </UnitTest>
    <UnitTest name="SParserUsingTest" storage="c:\users\valentin\skydrive\документы\visual studio projects\2010\mytorrent\bencodedataparser.tests\bin\debug\bencodedataparser.tests.dll" id="a371adec-f5fa-02ba-86c2-db91866b836e">
      <Execution id="ed12429d-32d3-492a-86b5-e9072295d7f2" />
      <TestMethod codeBase="C:/Users/Valentin/SkyDrive/Документы/Visual Studio Projects/2010/MyTorrent/BencodeDataParser.Tests/bin/Debug/BencodeDataParser.Tests.DLL" adapterTypeName="Microsoft.VisualStudio.TestTools.TestTypes.Unit.UnitTestAdapter, Microsoft.VisualStudio.QualityTools.Tips.UnitTest.Adapter, Version=10.0.0.0, Culture=neutral, PublicKeyToken=b03f5f7f11d50a3a" className="MyTorrent.BencodeDataParser.Tests.AggregativeParserTest, BencodeDataParser.Tests, Version=1.0.0.0, Culture=neutral, PublicKeyToken=null" name="SParserUsingTest" />
    </UnitTest>
    <UnitTest name="ValidElementParsingTest" storage="c:\users\valentin\skydrive\документы\visual studio projects\2010\mytorrent\bencodedataparser.tests\bin\debug\bencodedataparser.tests.dll" id="5b08592a-8184-aa51-5a50-4bb838cbeef9">
      <DeploymentItems>
        <DeploymentItem filename="BencodeDataParser.Tests\1 SParser Tests\SParser Test Data Set (Valid).xml" />
      </DeploymentItems>
      <Execution id="062e8914-7e61-4210-ad26-85f8964fb996" />
      <TestMethod codeBase="C:/Users/Valentin/SkyDrive/Документы/Visual Studio Projects/2010/MyTorrent/BencodeDataParser.Tests/bin/Debug/BencodeDataParser.Tests.DLL" adapterTypeName="Microsoft.VisualStudio.TestTools.TestTypes.Unit.UnitTestAdapter, Microsoft.VisualStudio.QualityTools.Tips.UnitTest.Adapter, Version=10.0.0.0, Culture=neutral, PublicKeyToken=b03f5f7f11d50a3a" className="MyTorrent.BencodeDataParser.Tests.SParserTest, BencodeDataParser.Tests, Version=1.0.0.0, Culture=neutral, PublicKeyToken=null" name="ValidElementParsingTest" />
      <DataSource connectionString="|DataDirectory|\SParser Test Data Set (Valid).xml" providerInvariantName="Microsoft.VisualStudio.TestTools.DataSource.XML" tableName="ValidElement" />
    </UnitTest>
    <UnitTest name="ValidElementParsingTest" storage="c:\users\valentin\skydrive\документы\visual studio projects\2010\mytorrent\bencodedataparser.tests\bin\debug\bencodedataparser.tests.dll" id="fc970ab4-c43e-2989-024e-7e37859d4f44">
      <DeploymentItems>
        <DeploymentItem filename="BencodeDataParser.Tests\2 NParser Tests\NParser Test Data Set (Valid).xml" />
      </DeploymentItems>
      <Execution id="25108057-82b7-4b8c-a4c7-e2c7785fe075" />
      <TestMethod codeBase="C:/Users/Valentin/SkyDrive/Документы/Visual Studio Projects/2010/MyTorrent/BencodeDataParser.Tests/bin/Debug/BencodeDataParser.Tests.DLL" adapterTypeName="Microsoft.VisualStudio.TestTools.TestTypes.Unit.UnitTestAdapter, Microsoft.VisualStudio.QualityTools.Tips.UnitTest.Adapter, Version=10.0.0.0, Culture=neutral, PublicKeyToken=b03f5f7f11d50a3a" className="MyTorrent.BencodeDataParser.Tests.NParserTest, BencodeDataParser.Tests, Version=1.0.0.0, Culture=neutral, PublicKeyToken=null" name="ValidElementParsingTest" />
      <DataSource connectionString="|DataDirectory|\NParser Test Data Set (Valid).xml" providerInvariantName="Microsoft.VisualStudio.TestTools.DataSource.XML" tableName="ValidElement" />
    </UnitTest>
    <UnitTest name="EmptyStreamHandlingTest" storage="c:\users\valentin\skydrive\документы\visual studio projects\2010\mytorrent\bencodedataparser.tests\bin\debug\bencodedataparser.tests.dll" id="302dccb6-8d9a-198b-970b-df5973444e92">
      <Execution id="269ff82a-69e8-43a3-bb75-779378315627" />
      <TestMethod codeBase="C:/Users/Valentin/SkyDrive/Документы/Visual Studio Projects/2010/MyTorrent/BencodeDataParser.Tests/bin/Debug/BencodeDataParser.Tests.DLL" adapterTypeName="Microsoft.VisualStudio.TestTools.TestTypes.Unit.UnitTestAdapter, Microsoft.VisualStudio.QualityTools.Tips.UnitTest.Adapter, Version=10.0.0.0, Culture=neutral, PublicKeyToken=b03f5f7f11d50a3a" className="MyTorrent.BencodeDataParser.Tests.AggregativeParserTest, BencodeDataParser.Tests, Version=1.0.0.0, Culture=neutral, PublicKeyToken=null" name="EmptyStreamHandlingTest" />
    </UnitTest>
    <UnitTest name="DParserUsingTest" storage="c:\users\valentin\skydrive\документы\visual studio projects\2010\mytorrent\bencodedataparser.tests\bin\debug\bencodedataparser.tests.dll" id="8fb2f048-a5d0-17d6-d110-6264759497dd">
      <Execution id="f73e643b-5810-4f73-bc03-f77fbe701c7a" />
      <TestMethod codeBase="C:/Users/Valentin/SkyDrive/Документы/Visual Studio Projects/2010/MyTorrent/BencodeDataParser.Tests/bin/Debug/BencodeDataParser.Tests.DLL" adapterTypeName="Microsoft.VisualStudio.TestTools.TestTypes.Unit.UnitTestAdapter, Microsoft.VisualStudio.QualityTools.Tips.UnitTest.Adapter, Version=10.0.0.0, Culture=neutral, PublicKeyToken=b03f5f7f11d50a3a" className="MyTorrent.BencodeDataParser.Tests.AggregativeParserTest, BencodeDataParser.Tests, Version=1.0.0.0, Culture=neutral, PublicKeyToken=null" name="DParserUsingTest" />
    </UnitTest>
    <UnitTest name="IncompleteElementParsingTest" storage="c:\users\valentin\skydrive\документы\visual studio projects\2010\mytorrent\bencodedataparser.tests\bin\debug\bencodedataparser.tests.dll" id="7de5509c-14a9-93b8-6134-93327df48a3d">
      <DeploymentItems>
        <DeploymentItem filename="BencodeDataParser.Tests\1 SParser Tests\SParser Test Data Set (Incomplete).xml" />
      </DeploymentItems>
      <Execution id="9fcdb92f-e202-434a-9431-1efb050f7258" />
      <TestMethod codeBase="C:/Users/Valentin/SkyDrive/Документы/Visual Studio Projects/2010/MyTorrent/BencodeDataParser.Tests/bin/Debug/BencodeDataParser.Tests.DLL" adapterTypeName="Microsoft.VisualStudio.TestTools.TestTypes.Unit.UnitTestAdapter, Microsoft.VisualStudio.QualityTools.Tips.UnitTest.Adapter, Version=10.0.0.0, Culture=neutral, PublicKeyToken=b03f5f7f11d50a3a" className="MyTorrent.BencodeDataParser.Tests.SParserTest, BencodeDataParser.Tests, Version=1.0.0.0, Culture=neutral, PublicKeyToken=null" name="IncompleteElementParsingTest" />
      <DataSource connectionString="|DataDirectory|\SParser Test Data Set (Incomplete).xml" providerInvariantName="Microsoft.VisualStudio.TestTools.DataSource.XML" tableName="IncompleteElement" />
    </UnitTest>
    <UnitTest name="ValidElementParsingTest" storage="c:\users\valentin\skydrive\документы\visual studio projects\2010\mytorrent\bencodedataparser.tests\bin\debug\bencodedataparser.tests.dll" id="fe76ef3b-b625-2cca-bb3f-3e75b231b39d">
      <DeploymentItems>
        <DeploymentItem filename="BencodeDataParser.Tests\3 LParser Tests\LParser Test Data Set (Valid).xml" />
      </DeploymentItems>
      <Execution id="4e8598c4-69a6-460b-b6df-1e81a133a1e2" />
      <TestMethod codeBase="C:/Users/Valentin/SkyDrive/Документы/Visual Studio Projects/2010/MyTorrent/BencodeDataParser.Tests/bin/Debug/BencodeDataParser.Tests.DLL" adapterTypeName="Microsoft.VisualStudio.TestTools.TestTypes.Unit.UnitTestAdapter, Microsoft.VisualStudio.QualityTools.Tips.UnitTest.Adapter, Version=10.0.0.0, Culture=neutral, PublicKeyToken=b03f5f7f11d50a3a" className="MyTorrent.BencodeDataParser.Tests.LParserTest, BencodeDataParser.Tests, Version=1.0.0.0, Culture=neutral, PublicKeyToken=null" name="ValidElementParsingTest" />
      <DataSource connectionString="|DataDirectory|\LParser Test Data Set (Valid).xml" providerInvariantName="Microsoft.VisualStudio.TestTools.DataSource.XML" tableName="ValidElement" />
    </UnitTest>
    <UnitTest name="IncompleteElementParsingTest" storage="c:\users\valentin\skydrive\документы\visual studio projects\2010\mytorrent\bencodedataparser.tests\bin\debug\bencodedataparser.tests.dll" id="72b41d53-7abe-ab57-eb7d-7323fc02f699">
      <DeploymentItems>
        <DeploymentItem filename="BencodeDataParser.Tests\4 DParser Tests\DParser Test Data Set (Incomplete).xml" />
      </DeploymentItems>
      <Execution id="cf1207bc-492d-4f3d-9f46-804abd30d749" />
      <TestMethod codeBase="C:/Users/Valentin/SkyDrive/Документы/Visual Studio Projects/2010/MyTorrent/BencodeDataParser.Tests/bin/Debug/BencodeDataParser.Tests.DLL" adapterTypeName="Microsoft.VisualStudio.TestTools.TestTypes.Unit.UnitTestAdapter, Microsoft.VisualStudio.QualityTools.Tips.UnitTest.Adapter, Version=10.0.0.0, Culture=neutral, PublicKeyToken=b03f5f7f11d50a3a" className="MyTorrent.BencodeDataParser.Tests.DParserTest, BencodeDataParser.Tests, Version=1.0.0.0, Culture=neutral, PublicKeyToken=null" name="IncompleteElementParsingTest" />
      <DataSource connectionString="|DataDirectory|\DParser Test Data Set (Incomplete).xml" providerInvariantName="Microsoft.VisualStudio.TestTools.DataSource.XML" tableName="IncompleteElement" />
    </UnitTest>
    <UnitTest name="InvalidElementParsingTest" storage="c:\users\valentin\skydrive\документы\visual studio projects\2010\mytorrent\bencodedataparser.tests\bin\debug\bencodedataparser.tests.dll" id="a3344a46-45aa-a99c-8afc-3ad75dd305ac">
      <DeploymentItems>
        <DeploymentItem filename="BencodeDataParser.Tests\1 SParser Tests\SParser Test Data Set (Invalid).xml" />
      </DeploymentItems>
      <Execution id="5589db54-c2b7-4937-b6e4-a21fd08e475a" />
      <TestMethod codeBase="C:/Users/Valentin/SkyDrive/Документы/Visual Studio Projects/2010/MyTorrent/BencodeDataParser.Tests/bin/Debug/BencodeDataParser.Tests.DLL" adapterTypeName="Microsoft.VisualStudio.TestTools.TestTypes.Unit.UnitTestAdapter, Microsoft.VisualStudio.QualityTools.Tips.UnitTest.Adapter, Version=10.0.0.0, Culture=neutral, PublicKeyToken=b03f5f7f11d50a3a" className="MyTorrent.BencodeDataParser.Tests.SParserTest, BencodeDataParser.Tests, Version=1.0.0.0, Culture=neutral, PublicKeyToken=null" name="InvalidElementParsingTest" />
      <DataSource connectionString="|DataDirectory|\SParser Test Data Set (Invalid).xml" providerInvariantName="Microsoft.VisualStudio.TestTools.DataSource.XML" tableName="InvalidElement" />
    </UnitTest>
    <UnitTest name="InvalidElementParsingTest" storage="c:\users\valentin\skydrive\документы\visual studio projects\2010\mytorrent\bencodedataparser.tests\bin\debug\bencodedataparser.tests.dll" id="1b8d6fac-8dd4-e19a-1fea-75794fce6133">
      <DeploymentItems>
        <DeploymentItem filename="BencodeDataParser.Tests\4 DParser Tests\DParser Test Data Set (Invalid).xml" />
      </DeploymentItems>
      <Execution id="f0798118-b7e6-4677-a0ca-a7c5749bf060" />
      <TestMethod codeBase="C:/Users/Valentin/SkyDrive/Документы/Visual Studio Projects/2010/MyTorrent/BencodeDataParser.Tests/bin/Debug/BencodeDataParser.Tests.DLL" adapterTypeName="Microsoft.VisualStudio.TestTools.TestTypes.Unit.UnitTestAdapter, Microsoft.VisualStudio.QualityTools.Tips.UnitTest.Adapter, Version=10.0.0.0, Culture=neutral, PublicKeyToken=b03f5f7f11d50a3a" className="MyTorrent.BencodeDataParser.Tests.DParserTest, BencodeDataParser.Tests, Version=1.0.0.0, Culture=neutral, PublicKeyToken=null" name="InvalidElementParsingTest" />
      <DataSource connectionString="|DataDirectory|\DParser Test Data Set (Invalid).xml" providerInvariantName="Microsoft.VisualStudio.TestTools.DataSource.XML" tableName="InvalidElement" />
    </UnitTest>
    <UnitTest name="InvalidMarkerHandlingTest" storage="c:\users\valentin\skydrive\документы\visual studio projects\2010\mytorrent\bencodedataparser.tests\bin\debug\bencodedataparser.tests.dll" id="a32c0159-d77d-f12d-0efe-4e2cdcfc48e3">
      <Execution id="311ad9ea-ca41-4001-b43f-77c47bed19d0" />
      <TestMethod codeBase="C:/Users/Valentin/SkyDrive/Документы/Visual Studio Projects/2010/MyTorrent/BencodeDataParser.Tests/bin/Debug/BencodeDataParser.Tests.DLL" adapterTypeName="Microsoft.VisualStudio.TestTools.TestTypes.Unit.UnitTestAdapter, Microsoft.VisualStudio.QualityTools.Tips.UnitTest.Adapter, Version=10.0.0.0, Culture=neutral, PublicKeyToken=b03f5f7f11d50a3a" className="MyTorrent.BencodeDataParser.Tests.AggregativeParserTest, BencodeDataParser.Tests, Version=1.0.0.0, Culture=neutral, PublicKeyToken=null" name="InvalidMarkerHandlingTest" />
    </UnitTest>
  </TestDefinitions>
  <TestLists>
    <TestList name="Отсутствующие в списке результаты" id="8c84fa94-04c1-424b-9868-57a2d4851a1d" />
    <TestList name="Все загруженные результаты" id="19431567-8539-422a-85d7-44ee4e166bda" />
  </TestLists>
  <TestEntries>
    <TestEntry testId="a32c0159-d77d-f12d-0efe-4e2cdcfc48e3" executionId="311ad9ea-ca41-4001-b43f-77c47bed19d0" testListId="8c84fa94-04c1-424b-9868-57a2d4851a1d" />
    <TestEntry testId="fc970ab4-c43e-2989-024e-7e37859d4f44" executionId="25108057-82b7-4b8c-a4c7-e2c7785fe075" testListId="8c84fa94-04c1-424b-9868-57a2d4851a1d" />
    <TestEntry testId="015cba85-591a-22e7-b5d6-017a72a03144" executionId="8d5a6978-e630-41d5-a58d-de9ff875db61" testListId="8c84fa94-04c1-424b-9868-57a2d4851a1d" />
    <TestEntry testId="7376997c-4bf7-6bc0-4bd5-95438115a667" executionId="dd44acbd-a9ce-4ebe-bfa2-d0f003fd6329" testListId="8c84fa94-04c1-424b-9868-57a2d4851a1d" />
    <TestEntry testId="fe76ef3b-b625-2cca-bb3f-3e75b231b39d" executionId="4e8598c4-69a6-460b-b6df-1e81a133a1e2" testListId="8c84fa94-04c1-424b-9868-57a2d4851a1d" />
    <TestEntry testId="302dccb6-8d9a-198b-970b-df5973444e92" executionId="269ff82a-69e8-43a3-bb75-779378315627" testListId="8c84fa94-04c1-424b-9868-57a2d4851a1d" />
    <TestEntry testId="a3344a46-45aa-a99c-8afc-3ad75dd305ac" executionId="5589db54-c2b7-4937-b6e4-a21fd08e475a" testListId="8c84fa94-04c1-424b-9868-57a2d4851a1d" />
    <TestEntry testId="3439e34b-d2c8-e836-20ff-9592711313c8" executionId="01bad50e-7df7-45b6-a204-82e5e61e6838" testListId="8c84fa94-04c1-424b-9868-57a2d4851a1d" />
    <TestEntry testId="f9a11e40-eaba-c423-bbfc-d5c275f37af2" executionId="88c865ef-3ea2-406d-b6bb-9ac5bd037513" testListId="8c84fa94-04c1-424b-9868-57a2d4851a1d" />
    <TestEntry testId="5b08592a-8184-aa51-5a50-4bb838cbeef9" executionId="062e8914-7e61-4210-ad26-85f8964fb996" testListId="8c84fa94-04c1-424b-9868-57a2d4851a1d" />
    <TestEntry testId="1b8d6fac-8dd4-e19a-1fea-75794fce6133" executionId="f0798118-b7e6-4677-a0ca-a7c5749bf060" testListId="8c84fa94-04c1-424b-9868-57a2d4851a1d" />
    <TestEntry testId="a7898a01-e786-a2b8-1a42-1dc503dc198f" executionId="e01a1c1b-e8c7-41c7-ab45-86f928e4d33d" testListId="8c84fa94-04c1-424b-9868-57a2d4851a1d" />
    <TestEntry testId="a371adec-f5fa-02ba-86c2-db91866b836e" executionId="ed12429d-32d3-492a-86b5-e9072295d7f2" testListId="8c84fa94-04c1-424b-9868-57a2d4851a1d" />
    <TestEntry testId="7de5509c-14a9-93b8-6134-93327df48a3d" executionId="9fcdb92f-e202-434a-9431-1efb050f7258" testListId="8c84fa94-04c1-424b-9868-57a2d4851a1d" />
    <TestEntry testId="72b41d53-7abe-ab57-eb7d-7323fc02f699" executionId="cf1207bc-492d-4f3d-9f46-804abd30d749" testListId="8c84fa94-04c1-424b-9868-57a2d4851a1d" />
    <TestEntry testId="2f5f2f91-d048-67db-247e-64961b2d51fc" executionId="ff4ff094-aab8-4376-83bf-ae688a5cd536" testListId="8c84fa94-04c1-424b-9868-57a2d4851a1d" />
    <TestEntry testId="8fb2f048-a5d0-17d6-d110-6264759497dd" executionId="f73e643b-5810-4f73-bc03-f77fbe701c7a" testListId="8c84fa94-04c1-424b-9868-57a2d4851a1d" />
  </TestEntries>
  <Results>
    <UnitTestResult executionId="311ad9ea-ca41-4001-b43f-77c47bed19d0" testId="a32c0159-d77d-f12d-0efe-4e2cdcfc48e3" testName="InvalidMarkerHandlingTest" computerName="COOLERMASTER" duration="00:00:00.0816012" startTime="2014-01-05T23:43:19.0574283+06:00" endTime="2014-01-05T23:43:20.6045167+06:00" testType="13cdc9d9-ddb5-4fa4-a97d-d965ccfc6d4b" outcome="Passed" testListId="8c84fa94-04c1-424b-9868-57a2d4851a1d" relativeResultsDirectory="311ad9ea-ca41-4001-b43f-77c47bed19d0">
    </UnitTestResult>
    <UnitTestResult executionId="25108057-82b7-4b8c-a4c7-e2c7785fe075" testId="fc970ab4-c43e-2989-024e-7e37859d4f44" testName="ValidElementParsingTest" computerName="COOLERMASTER" duration="00:00:00.6642542" startTime="2014-01-05T23:43:20.6125172+06:00" endTime="2014-01-05T23:43:21.2945562+06:00" testType="13cdc9d9-ddb5-4fa4-a97d-d965ccfc6d4b" outcome="Passed" testListId="8c84fa94-04c1-424b-9868-57a2d4851a1d" relativeResultsDirectory="25108057-82b7-4b8c-a4c7-e2c7785fe075" resultType="DataDrivenTest">
      <Counters error="0" failed="0" timeout="0" aborted="0" inconclusive="0" passedButRunAborted="0" notRunnable="0" notExecuted="0" disconnected="0" warning="0" passed="4" completed="0" inProgress="0" pending="0" />
      <InnerResults>
        <UnitTestResult executionId="eb09afc1-3ce0-485b-8622-392595e59aac" parentExecutionId="25108057-82b7-4b8c-a4c7-e2c7785fe075" testId="fc970ab4-c43e-2989-024e-7e37859d4f44" testName="ValidElementParsingTest" computerName="COOLERMASTER" duration="00:00:00.0025339" startTime="2014-01-05T23:43:21.2865558+06:00" endTime="2014-01-05T23:43:21.2895559+06:00" testType="13cdc9d9-ddb5-4fa4-a97d-d965ccfc6d4b" outcome="Passed" testListId="8c84fa94-04c1-424b-9868-57a2d4851a1d" relativeResultsDirectory="25108057-82b7-4b8c-a4c7-e2c7785fe075" dataRowInfo="0" resultType="DataDrivenDataRow" />
        <UnitTestResult executionId="6fa34fe2-e78e-4547-ae00-7956f6d21323" parentExecutionId="25108057-82b7-4b8c-a4c7-e2c7785fe075" testId="fc970ab4-c43e-2989-024e-7e37859d4f44" testName="ValidElementParsingTest" computerName="COOLERMASTER" duration="00:00:00.0000545" startTime="2014-01-05T23:43:21.2895559+06:00" endTime="2014-01-05T23:43:21.2895559+06:00" testType="13cdc9d9-ddb5-4fa4-a97d-d965ccfc6d4b" outcome="Passed" testListId="8c84fa94-04c1-424b-9868-57a2d4851a1d" relativeResultsDirectory="25108057-82b7-4b8c-a4c7-e2c7785fe075" dataRowInfo="1" resultType="DataDrivenDataRow" />
        <UnitTestResult executionId="10421791-b80a-4a6b-9803-d71c269cab20" parentExecutionId="25108057-82b7-4b8c-a4c7-e2c7785fe075" testId="fc970ab4-c43e-2989-024e-7e37859d4f44" testName="ValidElementParsingTest" computerName="COOLERMASTER" duration="00:00:00.0000261" startTime="2014-01-05T23:43:21.2895559+06:00" endTime="2014-01-05T23:43:21.2895559+06:00" testType="13cdc9d9-ddb5-4fa4-a97d-d965ccfc6d4b" outcome="Passed" testListId="8c84fa94-04c1-424b-9868-57a2d4851a1d" relativeResultsDirectory="25108057-82b7-4b8c-a4c7-e2c7785fe075" dataRowInfo="2" resultType="DataDrivenDataRow" />
        <UnitTestResult executionId="9bf857c4-89b2-4d88-9f36-bd250632c554" parentExecutionId="25108057-82b7-4b8c-a4c7-e2c7785fe075" testId="fc970ab4-c43e-2989-024e-7e37859d4f44" testName="ValidElementParsingTest" computerName="COOLERMASTER" duration="00:00:00.0000301" startTime="2014-01-05T23:43:21.2895559+06:00" endTime="2014-01-05T23:43:21.2895559+06:00" testType="13cdc9d9-ddb5-4fa4-a97d-d965ccfc6d4b" outcome="Passed" testListId="8c84fa94-04c1-424b-9868-57a2d4851a1d" relativeResultsDirectory="25108057-82b7-4b8c-a4c7-e2c7785fe075" dataRowInfo="3" resultType="DataDrivenDataRow" />
      </InnerResults>
    </UnitTestResult>
    <UnitTestResult executionId="8d5a6978-e630-41d5-a58d-de9ff875db61" testId="015cba85-591a-22e7-b5d6-017a72a03144" testName="IncompleteElementParsingTest" computerName="COOLERMASTER" duration="00:00:00.0093295" startTime="2014-01-05T23:43:21.2965563+06:00" endTime="2014-01-05T23:43:21.3085570+06:00" testType="13cdc9d9-ddb5-4fa4-a97d-d965ccfc6d4b" outcome="Passed" testListId="8c84fa94-04c1-424b-9868-57a2d4851a1d" relativeResultsDirectory="8d5a6978-e630-41d5-a58d-de9ff875db61" resultType="DataDrivenTest">
      <Counters error="0" failed="0" timeout="0" aborted="0" inconclusive="0" passedButRunAborted="0" notRunnable="0" notExecuted="0" disconnected="0" warning="0" passed="2" completed="0" inProgress="0" pending="0" />
      <InnerResults>
        <UnitTestResult executionId="f89aaf45-90ab-4114-b1bf-ea0467ec9f83" parentExecutionId="8d5a6978-e630-41d5-a58d-de9ff875db61" testId="015cba85-591a-22e7-b5d6-017a72a03144" testName="IncompleteElementParsingTest" computerName="COOLERMASTER" duration="00:00:00.0008381" startTime="2014-01-05T23:43:21.3065569+06:00" endTime="2014-01-05T23:43:21.3075570+06:00" testType="13cdc9d9-ddb5-4fa4-a97d-d965ccfc6d4b" outcome="Passed" testListId="8c84fa94-04c1-424b-9868-57a2d4851a1d" relativeResultsDirectory="8d5a6978-e630-41d5-a58d-de9ff875db61" dataRowInfo="0" resultType="DataDrivenDataRow" />
        <UnitTestResult executionId="04759c1f-41d9-4df4-b476-18a592ddac8c" parentExecutionId="8d5a6978-e630-41d5-a58d-de9ff875db61" testId="015cba85-591a-22e7-b5d6-017a72a03144" testName="IncompleteElementParsingTest" computerName="COOLERMASTER" duration="00:00:00.0001595" startTime="2014-01-05T23:43:21.3075570+06:00" endTime="2014-01-05T23:43:21.3075570+06:00" testType="13cdc9d9-ddb5-4fa4-a97d-d965ccfc6d4b" outcome="Passed" testListId="8c84fa94-04c1-424b-9868-57a2d4851a1d" relativeResultsDirectory="8d5a6978-e630-41d5-a58d-de9ff875db61" dataRowInfo="1" resultType="DataDrivenDataRow" />
      </InnerResults>
    </UnitTestResult>
    <UnitTestResult executionId="dd44acbd-a9ce-4ebe-bfa2-d0f003fd6329" testId="7376997c-4bf7-6bc0-4bd5-95438115a667" testName="InvalidElementParsingTest" computerName="COOLERMASTER" duration="00:00:00.0024230" startTime="2014-01-05T23:43:21.3265580+06:00" endTime="2014-01-05T23:43:21.3325584+06:00" testType="13cdc9d9-ddb5-4fa4-a97d-d965ccfc6d4b" outcome="Passed" testListId="8c84fa94-04c1-424b-9868-57a2d4851a1d" relativeResultsDirectory="dd44acbd-a9ce-4ebe-bfa2-d0f003fd6329" resultType="DataDrivenTest">
      <Counters error="0" failed="0" timeout="0" aborted="0" inconclusive="0" passedButRunAborted="0" notRunnable="0" notExecuted="0" disconnected="0" warning="0" passed="8" completed="0" inProgress="0" pending="0" />
      <InnerResults>
        <UnitTestResult executionId="30538aea-7f73-424b-bbca-d72ec2699874" parentExecutionId="dd44acbd-a9ce-4ebe-bfa2-d0f003fd6329" testId="7376997c-4bf7-6bc0-4bd5-95438115a667" testName="InvalidElementParsingTest" computerName="COOLERMASTER" duration="00:00:00.0007201" startTime="2014-01-05T23:43:21.3295582+06:00" endTime="2014-01-05T23:43:21.3305583+06:00" testType="13cdc9d9-ddb5-4fa4-a97d-d965ccfc6d4b" outcome="Passed" testListId="8c84fa94-04c1-424b-9868-57a2d4851a1d" relativeResultsDirectory="dd44acbd-a9ce-4ebe-bfa2-d0f003fd6329" dataRowInfo="0" resultType="DataDrivenDataRow" />
        <UnitTestResult executionId="106e1db5-b626-4bc7-ade3-d437d996fa8e" parentExecutionId="dd44acbd-a9ce-4ebe-bfa2-d0f003fd6329" testId="7376997c-4bf7-6bc0-4bd5-95438115a667" testName="InvalidElementParsingTest" computerName="COOLERMASTER" duration="00:00:00.0000612" startTime="2014-01-05T23:43:21.3305583+06:00" endTime="2014-01-05T23:43:21.3305583+06:00" testType="13cdc9d9-ddb5-4fa4-a97d-d965ccfc6d4b" outcome="Passed" testListId="8c84fa94-04c1-424b-9868-57a2d4851a1d" relativeResultsDirectory="dd44acbd-a9ce-4ebe-bfa2-d0f003fd6329" dataRowInfo="1" resultType="DataDrivenDataRow" />
        <UnitTestResult executionId="ff6c2abe-87a4-48bb-8978-7336243471da" parentExecutionId="dd44acbd-a9ce-4ebe-bfa2-d0f003fd6329" testId="7376997c-4bf7-6bc0-4bd5-95438115a667" testName="InvalidElementParsingTest" computerName="COOLERMASTER" duration="00:00:00.0000567" startTime="2014-01-05T23:43:21.3305583+06:00" endTime="2014-01-05T23:43:21.3305583+06:00" testType="13cdc9d9-ddb5-4fa4-a97d-d965ccfc6d4b" outcome="Passed" testListId="8c84fa94-04c1-424b-9868-57a2d4851a1d" relativeResultsDirectory="dd44acbd-a9ce-4ebe-bfa2-d0f003fd6329" dataRowInfo="2" resultType="DataDrivenDataRow" />
        <UnitTestResult executionId="15777e16-5f68-4f3a-8261-ed90ef50141c" parentExecutionId="dd44acbd-a9ce-4ebe-bfa2-d0f003fd6329" testId="7376997c-4bf7-6bc0-4bd5-95438115a667" testName="InvalidElementParsingTest" computerName="COOLERMASTER" duration="00:00:00.0000603" startTime="2014-01-05T23:43:21.3305583+06:00" endTime="2014-01-05T23:43:21.3305583+06:00" testType="13cdc9d9-ddb5-4fa4-a97d-d965ccfc6d4b" outcome="Passed" testListId="8c84fa94-04c1-424b-9868-57a2d4851a1d" relativeResultsDirectory="dd44acbd-a9ce-4ebe-bfa2-d0f003fd6329" dataRowInfo="3" resultType="DataDrivenDataRow" />
        <UnitTestResult executionId="84758d40-4ca8-4e88-9824-5260bf6a0551" parentExecutionId="dd44acbd-a9ce-4ebe-bfa2-d0f003fd6329" testId="7376997c-4bf7-6bc0-4bd5-95438115a667" testName="InvalidElementParsingTest" computerName="COOLERMASTER" duration="00:00:00.0000563" startTime="2014-01-05T23:43:21.3305583+06:00" endTime="2014-01-05T23:43:21.3305583+06:00" testType="13cdc9d9-ddb5-4fa4-a97d-d965ccfc6d4b" outcome="Passed" testListId="8c84fa94-04c1-424b-9868-57a2d4851a1d" relativeResultsDirectory="dd44acbd-a9ce-4ebe-bfa2-d0f003fd6329" dataRowInfo="4" resultType="DataDrivenDataRow" />
        <UnitTestResult executionId="61dce9a9-7b59-4808-84c8-ebd690ab9302" parentExecutionId="dd44acbd-a9ce-4ebe-bfa2-d0f003fd6329" testId="7376997c-4bf7-6bc0-4bd5-95438115a667" testName="InvalidElementParsingTest" computerName="COOLERMASTER" duration="00:00:00.0000608" startTime="2014-01-05T23:43:21.3305583+06:00" endTime="2014-01-05T23:43:21.3305583+06:00" testType="13cdc9d9-ddb5-4fa4-a97d-d965ccfc6d4b" outcome="Passed" testListId="8c84fa94-04c1-424b-9868-57a2d4851a1d" relativeResultsDirectory="dd44acbd-a9ce-4ebe-bfa2-d0f003fd6329" dataRowInfo="5" resultType="DataDrivenDataRow" />
        <UnitTestResult executionId="1386404c-2365-4bd1-a416-d623346fdf73" parentExecutionId="dd44acbd-a9ce-4ebe-bfa2-d0f003fd6329" testId="7376997c-4bf7-6bc0-4bd5-95438115a667" testName="InvalidElementParsingTest" computerName="COOLERMASTER" duration="00:00:00.0000797" startTime="2014-01-05T23:43:21.3305583+06:00" endTime="2014-01-05T23:43:21.3315583+06:00" testType="13cdc9d9-ddb5-4fa4-a97d-d965ccfc6d4b" outcome="Passed" testListId="8c84fa94-04c1-424b-9868-57a2d4851a1d" relativeResultsDirectory="dd44acbd-a9ce-4ebe-bfa2-d0f003fd6329" dataRowInfo="6" resultType="DataDrivenDataRow" />
        <UnitTestResult executionId="29d913e8-77cb-44e7-9a44-0d725893466b" parentExecutionId="dd44acbd-a9ce-4ebe-bfa2-d0f003fd6329" testId="7376997c-4bf7-6bc0-4bd5-95438115a667" testName="InvalidElementParsingTest" computerName="COOLERMASTER" duration="00:00:00.0001694" startTime="2014-01-05T23:43:21.3315583+06:00" endTime="2014-01-05T23:43:21.3315583+06:00" testType="13cdc9d9-ddb5-4fa4-a97d-d965ccfc6d4b" outcome="Passed" testListId="8c84fa94-04c1-424b-9868-57a2d4851a1d" relativeResultsDirectory="dd44acbd-a9ce-4ebe-bfa2-d0f003fd6329" dataRowInfo="7" resultType="DataDrivenDataRow" />
      </InnerResults>
    </UnitTestResult>
    <UnitTestResult executionId="4e8598c4-69a6-460b-b6df-1e81a133a1e2" testId="fe76ef3b-b625-2cca-bb3f-3e75b231b39d" testName="ValidElementParsingTest" computerName="COOLERMASTER" duration="00:00:00.0182206" startTime="2014-01-05T23:43:21.3345585+06:00" endTime="2014-01-05T23:43:21.3635602+06:00" testType="13cdc9d9-ddb5-4fa4-a97d-d965ccfc6d4b" outcome="Passed" testListId="8c84fa94-04c1-424b-9868-57a2d4851a1d" relativeResultsDirectory="4e8598c4-69a6-460b-b6df-1e81a133a1e2" resultType="DataDrivenTest">
      <Counters error="0" failed="0" timeout="0" aborted="0" inconclusive="0" passedButRunAborted="0" notRunnable="0" notExecuted="0" disconnected="0" warning="0" passed="3" completed="0" inProgress="0" pending="0" />
      <InnerResults>
        <UnitTestResult executionId="ff733a1d-325d-4ebc-9284-70c46f0da513" parentExecutionId="4e8598c4-69a6-460b-b6df-1e81a133a1e2" testId="fe76ef3b-b625-2cca-bb3f-3e75b231b39d" testName="ValidElementParsingTest" computerName="COOLERMASTER" duration="00:00:00.0160111" startTime="2014-01-05T23:43:21.3445591+06:00" endTime="2014-01-05T23:43:21.3605600+06:00" testType="13cdc9d9-ddb5-4fa4-a97d-d965ccfc6d4b" outcome="Passed" testListId="8c84fa94-04c1-424b-9868-57a2d4851a1d" relativeResultsDirectory="4e8598c4-69a6-460b-b6df-1e81a133a1e2" dataRowInfo="0" resultType="DataDrivenDataRow" />
        <UnitTestResult executionId="532f8e12-1083-4f17-b027-16673678fe0c" parentExecutionId="4e8598c4-69a6-460b-b6df-1e81a133a1e2" testId="fe76ef3b-b625-2cca-bb3f-3e75b231b39d" testName="ValidElementParsingTest" computerName="COOLERMASTER" duration="00:00:00.0009364" startTime="2014-01-05T23:43:21.3605600+06:00" endTime="2014-01-05T23:43:21.3615600+06:00" testType="13cdc9d9-ddb5-4fa4-a97d-d965ccfc6d4b" outcome="Passed" testListId="8c84fa94-04c1-424b-9868-57a2d4851a1d" relativeResultsDirectory="4e8598c4-69a6-460b-b6df-1e81a133a1e2" dataRowInfo="1" resultType="DataDrivenDataRow" />
        <UnitTestResult executionId="a848816f-f494-4909-8a8b-1a459b806615" parentExecutionId="4e8598c4-69a6-460b-b6df-1e81a133a1e2" testId="fe76ef3b-b625-2cca-bb3f-3e75b231b39d" testName="ValidElementParsingTest" computerName="COOLERMASTER" duration="00:00:00.0001104" startTime="2014-01-05T23:43:21.3615600+06:00" endTime="2014-01-05T23:43:21.3615600+06:00" testType="13cdc9d9-ddb5-4fa4-a97d-d965ccfc6d4b" outcome="Passed" testListId="8c84fa94-04c1-424b-9868-57a2d4851a1d" relativeResultsDirectory="4e8598c4-69a6-460b-b6df-1e81a133a1e2" dataRowInfo="2" resultType="DataDrivenDataRow" />
      </InnerResults>
    </UnitTestResult>
    <UnitTestResult executionId="269ff82a-69e8-43a3-bb75-779378315627" testId="302dccb6-8d9a-198b-970b-df5973444e92" testName="EmptyStreamHandlingTest" computerName="COOLERMASTER" duration="00:00:00.0024037" startTime="2014-01-05T23:43:21.3645602+06:00" endTime="2014-01-05T23:43:21.3775610+06:00" testType="13cdc9d9-ddb5-4fa4-a97d-d965ccfc6d4b" outcome="Passed" testListId="8c84fa94-04c1-424b-9868-57a2d4851a1d" relativeResultsDirectory="269ff82a-69e8-43a3-bb75-779378315627">
    </UnitTestResult>
    <UnitTestResult executionId="5589db54-c2b7-4937-b6e4-a21fd08e475a" testId="a3344a46-45aa-a99c-8afc-3ad75dd305ac" testName="InvalidElementParsingTest" computerName="COOLERMASTER" duration="00:00:00.0035420" startTime="2014-01-05T23:43:21.3795611+06:00" endTime="2014-01-05T23:43:21.3875615+06:00" testType="13cdc9d9-ddb5-4fa4-a97d-d965ccfc6d4b" outcome="Passed" testListId="8c84fa94-04c1-424b-9868-57a2d4851a1d" relativeResultsDirectory="5589db54-c2b7-4937-b6e4-a21fd08e475a" resultType="DataDrivenTest">
      <Counters error="0" failed="0" timeout="0" aborted="0" inconclusive="0" passedButRunAborted="0" notRunnable="0" notExecuted="0" disconnected="0" warning="0" passed="4" completed="0" inProgress="0" pending="0" />
      <InnerResults>
        <UnitTestResult executionId="116f47ee-46c0-4af6-afb5-f6bcab6c4a8b" parentExecutionId="5589db54-c2b7-4937-b6e4-a21fd08e475a" testId="a3344a46-45aa-a99c-8afc-3ad75dd305ac" testName="InvalidElementParsingTest" computerName="COOLERMASTER" duration="00:00:00.0018471" startTime="2014-01-05T23:43:21.3835613+06:00" endTime="2014-01-05T23:43:21.3855614+06:00" testType="13cdc9d9-ddb5-4fa4-a97d-d965ccfc6d4b" outcome="Passed" testListId="8c84fa94-04c1-424b-9868-57a2d4851a1d" relativeResultsDirectory="5589db54-c2b7-4937-b6e4-a21fd08e475a" dataRowInfo="0" resultType="DataDrivenDataRow" />
        <UnitTestResult executionId="06a134da-bdfa-4952-b4cc-8506f75540cb" parentExecutionId="5589db54-c2b7-4937-b6e4-a21fd08e475a" testId="a3344a46-45aa-a99c-8afc-3ad75dd305ac" testName="InvalidElementParsingTest" computerName="COOLERMASTER" duration="00:00:00.0000675" startTime="2014-01-05T23:43:21.3855614+06:00" endTime="2014-01-05T23:43:21.3855614+06:00" testType="13cdc9d9-ddb5-4fa4-a97d-d965ccfc6d4b" outcome="Passed" testListId="8c84fa94-04c1-424b-9868-57a2d4851a1d" relativeResultsDirectory="5589db54-c2b7-4937-b6e4-a21fd08e475a" dataRowInfo="1" resultType="DataDrivenDataRow" />
        <UnitTestResult executionId="3bbc6b01-ddc0-4918-8383-d08529369d83" parentExecutionId="5589db54-c2b7-4937-b6e4-a21fd08e475a" testId="a3344a46-45aa-a99c-8afc-3ad75dd305ac" testName="InvalidElementParsingTest" computerName="COOLERMASTER" duration="00:00:00.0000626" startTime="2014-01-05T23:43:21.3855614+06:00" endTime="2014-01-05T23:43:21.3855614+06:00" testType="13cdc9d9-ddb5-4fa4-a97d-d965ccfc6d4b" outcome="Passed" testListId="8c84fa94-04c1-424b-9868-57a2d4851a1d" relativeResultsDirectory="5589db54-c2b7-4937-b6e4-a21fd08e475a" dataRowInfo="2" resultType="DataDrivenDataRow" />
        <UnitTestResult executionId="dba230fc-c5cb-4f7e-a380-cbeea64a8d5c" parentExecutionId="5589db54-c2b7-4937-b6e4-a21fd08e475a" testId="a3344a46-45aa-a99c-8afc-3ad75dd305ac" testName="InvalidElementParsingTest" computerName="COOLERMASTER" duration="00:00:00.0000657" startTime="2014-01-05T23:43:21.3855614+06:00" endTime="2014-01-05T23:43:21.3855614+06:00" testType="13cdc9d9-ddb5-4fa4-a97d-d965ccfc6d4b" outcome="Passed" testListId="8c84fa94-04c1-424b-9868-57a2d4851a1d" relativeResultsDirectory="5589db54-c2b7-4937-b6e4-a21fd08e475a" dataRowInfo="3" resultType="DataDrivenDataRow" />
      </InnerResults>
    </UnitTestResult>
    <UnitTestResult executionId="01bad50e-7df7-45b6-a204-82e5e61e6838" testId="3439e34b-d2c8-e836-20ff-9592711313c8" testName="LParserUsingTest" computerName="COOLERMASTER" duration="00:00:00.0009810" startTime="2014-01-05T23:43:21.3885616+06:00" endTime="2014-01-05T23:43:21.4125630+06:00" testType="13cdc9d9-ddb5-4fa4-a97d-d965ccfc6d4b" outcome="Passed" testListId="8c84fa94-04c1-424b-9868-57a2d4851a1d" relativeResultsDirectory="01bad50e-7df7-45b6-a204-82e5e61e6838">
    </UnitTestResult>
    <UnitTestResult executionId="88c865ef-3ea2-406d-b6bb-9ac5bd037513" testId="f9a11e40-eaba-c423-bbfc-d5c275f37af2" testName="IncompleteElementParsingTest" computerName="COOLERMASTER" duration="00:00:00.0024505" startTime="2014-01-05T23:43:21.4135630+06:00" endTime="2014-01-05T23:43:21.4375644+06:00" testType="13cdc9d9-ddb5-4fa4-a97d-d965ccfc6d4b" outcome="Passed" testListId="8c84fa94-04c1-424b-9868-57a2d4851a1d" relativeResultsDirectory="88c865ef-3ea2-406d-b6bb-9ac5bd037513" resultType="DataDrivenTest">
      <Counters error="0" failed="0" timeout="0" aborted="0" inconclusive="0" passedButRunAborted="0" notRunnable="0" notExecuted="0" disconnected="0" warning="0" passed="2" completed="0" inProgress="0" pending="0" />
      <InnerResults>
        <UnitTestResult executionId="81865bcc-d2bd-47ce-86eb-5d4179b93541" parentExecutionId="88c865ef-3ea2-406d-b6bb-9ac5bd037513" testId="f9a11e40-eaba-c423-bbfc-d5c275f37af2" testName="IncompleteElementParsingTest" computerName="COOLERMASTER" duration="00:00:00.0005421" startTime="2014-01-05T23:43:21.4355643+06:00" endTime="2014-01-05T23:43:21.4365643+06:00" testType="13cdc9d9-ddb5-4fa4-a97d-d965ccfc6d4b" outcome="Passed" testListId="8c84fa94-04c1-424b-9868-57a2d4851a1d" relativeResultsDirectory="88c865ef-3ea2-406d-b6bb-9ac5bd037513" dataRowInfo="0" resultType="DataDrivenDataRow" />
        <UnitTestResult executionId="f1129fb3-df1e-4472-bb4a-63947e9e86a7" parentExecutionId="88c865ef-3ea2-406d-b6bb-9ac5bd037513" testId="f9a11e40-eaba-c423-bbfc-d5c275f37af2" testName="IncompleteElementParsingTest" computerName="COOLERMASTER" duration="00:00:00.0000797" startTime="2014-01-05T23:43:21.4365643+06:00" endTime="2014-01-05T23:43:21.4365643+06:00" testType="13cdc9d9-ddb5-4fa4-a97d-d965ccfc6d4b" outcome="Passed" testListId="8c84fa94-04c1-424b-9868-57a2d4851a1d" relativeResultsDirectory="88c865ef-3ea2-406d-b6bb-9ac5bd037513" dataRowInfo="1" resultType="DataDrivenDataRow" />
      </InnerResults>
    </UnitTestResult>
    <UnitTestResult executionId="062e8914-7e61-4210-ad26-85f8964fb996" testId="5b08592a-8184-aa51-5a50-4bb838cbeef9" testName="ValidElementParsingTest" computerName="COOLERMASTER" duration="00:00:00.0023086" startTime="2014-01-05T23:43:21.4465649+06:00" endTime="2014-01-05T23:43:21.4535653+06:00" testType="13cdc9d9-ddb5-4fa4-a97d-d965ccfc6d4b" outcome="Passed" testListId="8c84fa94-04c1-424b-9868-57a2d4851a1d" relativeResultsDirectory="062e8914-7e61-4210-ad26-85f8964fb996" resultType="DataDrivenTest">
      <Counters error="0" failed="0" timeout="0" aborted="0" inconclusive="0" passedButRunAborted="0" notRunnable="0" notExecuted="0" disconnected="0" warning="0" passed="3" completed="0" inProgress="0" pending="0" />
      <InnerResults>
        <UnitTestResult executionId="d1290ad5-d1ea-4e99-ad36-696a02f49b19" parentExecutionId="062e8914-7e61-4210-ad26-85f8964fb996" testId="5b08592a-8184-aa51-5a50-4bb838cbeef9" testName="ValidElementParsingTest" computerName="COOLERMASTER" duration="00:00:00.0005637" startTime="2014-01-05T23:43:21.4515652+06:00" endTime="2014-01-05T23:43:21.4515652+06:00" testType="13cdc9d9-ddb5-4fa4-a97d-d965ccfc6d4b" outcome="Passed" testListId="8c84fa94-04c1-424b-9868-57a2d4851a1d" relativeResultsDirectory="062e8914-7e61-4210-ad26-85f8964fb996" dataRowInfo="0" resultType="DataDrivenDataRow" />
        <UnitTestResult executionId="9781dc6e-8088-4643-9abe-f0f04f2e6579" parentExecutionId="062e8914-7e61-4210-ad26-85f8964fb996" testId="5b08592a-8184-aa51-5a50-4bb838cbeef9" testName="ValidElementParsingTest" computerName="COOLERMASTER" duration="00:00:00.0000513" startTime="2014-01-05T23:43:21.4515652+06:00" endTime="2014-01-05T23:43:21.4515652+06:00" testType="13cdc9d9-ddb5-4fa4-a97d-d965ccfc6d4b" outcome="Passed" testListId="8c84fa94-04c1-424b-9868-57a2d4851a1d" relativeResultsDirectory="062e8914-7e61-4210-ad26-85f8964fb996" dataRowInfo="1" resultType="DataDrivenDataRow" />
        <UnitTestResult executionId="23c1d329-ee13-42c6-83c9-61dbaf0d6218" parentExecutionId="062e8914-7e61-4210-ad26-85f8964fb996" testId="5b08592a-8184-aa51-5a50-4bb838cbeef9" testName="ValidElementParsingTest" computerName="COOLERMASTER" duration="00:00:00.0005781" startTime="2014-01-05T23:43:21.4515652+06:00" endTime="2014-01-05T23:43:21.4525652+06:00" testType="13cdc9d9-ddb5-4fa4-a97d-d965ccfc6d4b" outcome="Passed" testListId="8c84fa94-04c1-424b-9868-57a2d4851a1d" relativeResultsDirectory="062e8914-7e61-4210-ad26-85f8964fb996" dataRowInfo="2" resultType="DataDrivenDataRow" />
      </InnerResults>
    </UnitTestResult>
    <UnitTestResult executionId="f0798118-b7e6-4677-a0ca-a7c5749bf060" testId="1b8d6fac-8dd4-e19a-1fea-75794fce6133" testName="InvalidElementParsingTest" computerName="COOLERMASTER" duration="00:00:00.0051332" startTime="2014-01-05T23:43:21.4545654+06:00" endTime="2014-01-05T23:43:21.4645659+06:00" testType="13cdc9d9-ddb5-4fa4-a97d-d965ccfc6d4b" outcome="Passed" testListId="8c84fa94-04c1-424b-9868-57a2d4851a1d" relativeResultsDirectory="f0798118-b7e6-4677-a0ca-a7c5749bf060" resultType="DataDrivenTest">
      <Counters error="0" failed="0" timeout="0" aborted="0" inconclusive="0" passedButRunAborted="0" notRunnable="0" notExecuted="0" disconnected="0" warning="0" passed="4" completed="0" inProgress="0" pending="0" />
      <InnerResults>
        <UnitTestResult executionId="dc0f1a53-2e8a-407c-b134-9094bf9f1a68" parentExecutionId="f0798118-b7e6-4677-a0ca-a7c5749bf060" testId="1b8d6fac-8dd4-e19a-1fea-75794fce6133" testName="InvalidElementParsingTest" computerName="COOLERMASTER" duration="00:00:00.0031323" startTime="2014-01-05T23:43:21.4585656+06:00" endTime="2014-01-05T23:43:21.4615658+06:00" testType="13cdc9d9-ddb5-4fa4-a97d-d965ccfc6d4b" outcome="Passed" testListId="8c84fa94-04c1-424b-9868-57a2d4851a1d" relativeResultsDirectory="f0798118-b7e6-4677-a0ca-a7c5749bf060" dataRowInfo="0" resultType="DataDrivenDataRow" />
        <UnitTestResult executionId="73371977-f5cc-4f03-bddc-793d04c898c9" parentExecutionId="f0798118-b7e6-4677-a0ca-a7c5749bf060" testId="1b8d6fac-8dd4-e19a-1fea-75794fce6133" testName="InvalidElementParsingTest" computerName="COOLERMASTER" duration="00:00:00.0000955" startTime="2014-01-05T23:43:21.4615658+06:00" endTime="2014-01-05T23:43:21.4625658+06:00" testType="13cdc9d9-ddb5-4fa4-a97d-d965ccfc6d4b" outcome="Passed" testListId="8c84fa94-04c1-424b-9868-57a2d4851a1d" relativeResultsDirectory="f0798118-b7e6-4677-a0ca-a7c5749bf060" dataRowInfo="1" resultType="DataDrivenDataRow" />
        <UnitTestResult executionId="5153efb1-c246-4ddc-80c1-22b141d63cdc" parentExecutionId="f0798118-b7e6-4677-a0ca-a7c5749bf060" testId="1b8d6fac-8dd4-e19a-1fea-75794fce6133" testName="InvalidElementParsingTest" computerName="COOLERMASTER" duration="00:00:00.0003397" startTime="2014-01-05T23:43:21.4625658+06:00" endTime="2014-01-05T23:43:21.4625658+06:00" testType="13cdc9d9-ddb5-4fa4-a97d-d965ccfc6d4b" outcome="Passed" testListId="8c84fa94-04c1-424b-9868-57a2d4851a1d" relativeResultsDirectory="f0798118-b7e6-4677-a0ca-a7c5749bf060" dataRowInfo="2" resultType="DataDrivenDataRow" />
        <UnitTestResult executionId="202e0735-067d-4044-8244-717a98808037" parentExecutionId="f0798118-b7e6-4677-a0ca-a7c5749bf060" testId="1b8d6fac-8dd4-e19a-1fea-75794fce6133" testName="InvalidElementParsingTest" computerName="COOLERMASTER" duration="00:00:00.0001131" startTime="2014-01-05T23:43:21.4625658+06:00" endTime="2014-01-05T23:43:21.4635659+06:00" testType="13cdc9d9-ddb5-4fa4-a97d-d965ccfc6d4b" outcome="Passed" testListId="8c84fa94-04c1-424b-9868-57a2d4851a1d" relativeResultsDirectory="f0798118-b7e6-4677-a0ca-a7c5749bf060" dataRowInfo="3" resultType="DataDrivenDataRow" />
      </InnerResults>
    </UnitTestResult>
    <UnitTestResult executionId="e01a1c1b-e8c7-41c7-ab45-86f928e4d33d" testId="a7898a01-e786-a2b8-1a42-1dc503dc198f" testName="NParserUsingTest" computerName="COOLERMASTER" duration="00:00:00.0002987" startTime="2014-01-05T23:43:21.4655660+06:00" endTime="2014-01-05T23:43:21.4675661+06:00" testType="13cdc9d9-ddb5-4fa4-a97d-d965ccfc6d4b" outcome="Passed" testListId="8c84fa94-04c1-424b-9868-57a2d4851a1d" relativeResultsDirectory="e01a1c1b-e8c7-41c7-ab45-86f928e4d33d">
    </UnitTestResult>
    <UnitTestResult executionId="ed12429d-32d3-492a-86b5-e9072295d7f2" testId="a371adec-f5fa-02ba-86c2-db91866b836e" testName="SParserUsingTest" computerName="COOLERMASTER" duration="00:00:00.0002748" startTime="2014-01-05T23:43:21.4685662+06:00" endTime="2014-01-05T23:43:21.4715663+06:00" testType="13cdc9d9-ddb5-4fa4-a97d-d965ccfc6d4b" outcome="Passed" testListId="8c84fa94-04c1-424b-9868-57a2d4851a1d" relativeResultsDirectory="ed12429d-32d3-492a-86b5-e9072295d7f2">
    </UnitTestResult>
    <UnitTestResult executionId="9fcdb92f-e202-434a-9431-1efb050f7258" testId="7de5509c-14a9-93b8-6134-93327df48a3d" testName="IncompleteElementParsingTest" computerName="COOLERMASTER" duration="00:00:00.0284591" startTime="2014-01-05T23:43:21.4735665+06:00" endTime="2014-01-05T23:43:21.5475707+06:00" testType="13cdc9d9-ddb5-4fa4-a97d-d965ccfc6d4b" outcome="Passed" testListId="8c84fa94-04c1-424b-9868-57a2d4851a1d" relativeResultsDirectory="9fcdb92f-e202-434a-9431-1efb050f7258" resultType="DataDrivenTest">
      <Counters error="0" failed="0" timeout="0" aborted="0" inconclusive="0" passedButRunAborted="0" notRunnable="0" notExecuted="0" disconnected="0" warning="0" passed="2" completed="0" inProgress="0" pending="0" />
      <InnerResults>
        <UnitTestResult executionId="abd5b882-cd44-4991-80be-f1fba6f4759f" parentExecutionId="9fcdb92f-e202-434a-9431-1efb050f7258" testId="7de5509c-14a9-93b8-6134-93327df48a3d" testName="IncompleteElementParsingTest" computerName="COOLERMASTER" duration="00:00:00.0003839" startTime="2014-01-05T23:43:21.4965678+06:00" endTime="2014-01-05T23:43:21.4975678+06:00" testType="13cdc9d9-ddb5-4fa4-a97d-d965ccfc6d4b" outcome="Passed" testListId="8c84fa94-04c1-424b-9868-57a2d4851a1d" relativeResultsDirectory="9fcdb92f-e202-434a-9431-1efb050f7258" dataRowInfo="0" resultType="DataDrivenDataRow" />
        <UnitTestResult executionId="ef480fe5-181c-482b-a9e7-505e3436fb71" parentExecutionId="9fcdb92f-e202-434a-9431-1efb050f7258" testId="7de5509c-14a9-93b8-6134-93327df48a3d" testName="IncompleteElementParsingTest" computerName="COOLERMASTER" duration="00:00:00.0103439" startTime="2014-01-05T23:43:21.4975678+06:00" endTime="2014-01-05T23:43:21.5075684+06:00" testType="13cdc9d9-ddb5-4fa4-a97d-d965ccfc6d4b" outcome="Passed" testListId="8c84fa94-04c1-424b-9868-57a2d4851a1d" relativeResultsDirectory="9fcdb92f-e202-434a-9431-1efb050f7258" dataRowInfo="1" resultType="DataDrivenDataRow" />
      </InnerResults>
    </UnitTestResult>
    <UnitTestResult executionId="cf1207bc-492d-4f3d-9f46-804abd30d749" testId="72b41d53-7abe-ab57-eb7d-7323fc02f699" testName="IncompleteElementParsingTest" computerName="COOLERMASTER" duration="00:00:00.0024735" startTime="2014-01-05T23:43:21.5485707+06:00" endTime="2014-01-05T23:43:21.5665718+06:00" testType="13cdc9d9-ddb5-4fa4-a97d-d965ccfc6d4b" outcome="Passed" testListId="8c84fa94-04c1-424b-9868-57a2d4851a1d" relativeResultsDirectory="cf1207bc-492d-4f3d-9f46-804abd30d749" resultType="DataDrivenTest">
      <Counters error="0" failed="0" timeout="0" aborted="0" inconclusive="0" passedButRunAborted="0" notRunnable="0" notExecuted="0" disconnected="0" warning="0" passed="3" completed="0" inProgress="0" pending="0" />
      <InnerResults>
        <UnitTestResult executionId="04b0cc53-d4b4-4325-96ca-6289bb75d78b" parentExecutionId="cf1207bc-492d-4f3d-9f46-804abd30d749" testId="72b41d53-7abe-ab57-eb7d-7323fc02f699" testName="IncompleteElementParsingTest" computerName="COOLERMASTER" duration="00:00:00.0003136" startTime="2014-01-05T23:43:21.5585713+06:00" endTime="2014-01-05T23:43:21.5595714+06:00" testType="13cdc9d9-ddb5-4fa4-a97d-d965ccfc6d4b" outcome="Passed" testListId="8c84fa94-04c1-424b-9868-57a2d4851a1d" relativeResultsDirectory="cf1207bc-492d-4f3d-9f46-804abd30d749" dataRowInfo="0" resultType="DataDrivenDataRow" />
        <UnitTestResult executionId="16cd370f-dff4-4b61-ad5c-e455f9c0705f" parentExecutionId="cf1207bc-492d-4f3d-9f46-804abd30d749" testId="72b41d53-7abe-ab57-eb7d-7323fc02f699" testName="IncompleteElementParsingTest" computerName="COOLERMASTER" duration="00:00:00.0000684" startTime="2014-01-05T23:43:21.5595714+06:00" endTime="2014-01-05T23:43:21.5595714+06:00" testType="13cdc9d9-ddb5-4fa4-a97d-d965ccfc6d4b" outcome="Passed" testListId="8c84fa94-04c1-424b-9868-57a2d4851a1d" relativeResultsDirectory="cf1207bc-492d-4f3d-9f46-804abd30d749" dataRowInfo="1" resultType="DataDrivenDataRow" />
        <UnitTestResult executionId="e88a77a5-556f-4bdf-8cf7-3d95b706238c" parentExecutionId="cf1207bc-492d-4f3d-9f46-804abd30d749" testId="72b41d53-7abe-ab57-eb7d-7323fc02f699" testName="IncompleteElementParsingTest" computerName="COOLERMASTER" duration="00:00:00.0000698" startTime="2014-01-05T23:43:21.5595714+06:00" endTime="2014-01-05T23:43:21.5595714+06:00" testType="13cdc9d9-ddb5-4fa4-a97d-d965ccfc6d4b" outcome="Passed" testListId="8c84fa94-04c1-424b-9868-57a2d4851a1d" relativeResultsDirectory="cf1207bc-492d-4f3d-9f46-804abd30d749" dataRowInfo="2" resultType="DataDrivenDataRow" />
      </InnerResults>
    </UnitTestResult>
    <UnitTestResult executionId="ff4ff094-aab8-4376-83bf-ae688a5cd536" testId="2f5f2f91-d048-67db-247e-64961b2d51fc" testName="ValidElementParsingTest" computerName="COOLERMASTER" duration="00:00:00.0112785" startTime="2014-01-05T23:43:21.5685719+06:00" endTime="2014-01-05T23:43:21.5835727+06:00" testType="13cdc9d9-ddb5-4fa4-a97d-d965ccfc6d4b" outcome="Passed" testListId="8c84fa94-04c1-424b-9868-57a2d4851a1d" relativeResultsDirectory="ff4ff094-aab8-4376-83bf-ae688a5cd536" resultType="DataDrivenTest">
      <Counters error="0" failed="0" timeout="0" aborted="0" inconclusive="0" passedButRunAborted="0" notRunnable="0" notExecuted="0" disconnected="0" warning="0" passed="3" completed="0" inProgress="0" pending="0" />
      <InnerResults>
        <UnitTestResult executionId="a5e37912-d699-4c06-bf67-0f60b193af06" parentExecutionId="ff4ff094-aab8-4376-83bf-ae688a5cd536" testId="2f5f2f91-d048-67db-247e-64961b2d51fc" testName="ValidElementParsingTest" computerName="COOLERMASTER" duration="00:00:00.0011865" startTime="2014-01-05T23:43:21.5805726+06:00" endTime="2014-01-05T23:43:21.5815726+06:00" testType="13cdc9d9-ddb5-4fa4-a97d-d965ccfc6d4b" outcome="Passed" testListId="8c84fa94-04c1-424b-9868-57a2d4851a1d" relativeResultsDirectory="ff4ff094-aab8-4376-83bf-ae688a5cd536" dataRowInfo="0" resultType="DataDrivenDataRow" />
        <UnitTestResult executionId="53774ae5-0e60-4160-852e-e12e2bfaa9c3" parentExecutionId="ff4ff094-aab8-4376-83bf-ae688a5cd536" testId="2f5f2f91-d048-67db-247e-64961b2d51fc" testName="ValidElementParsingTest" computerName="COOLERMASTER" duration="00:00:00.0008368" startTime="2014-01-05T23:43:21.5815726+06:00" endTime="2014-01-05T23:43:21.5825727+06:00" testType="13cdc9d9-ddb5-4fa4-a97d-d965ccfc6d4b" outcome="Passed" testListId="8c84fa94-04c1-424b-9868-57a2d4851a1d" relativeResultsDirectory="ff4ff094-aab8-4376-83bf-ae688a5cd536" dataRowInfo="1" resultType="DataDrivenDataRow" />
        <UnitTestResult executionId="1760a245-e0eb-4cc1-a341-8a5742b79125" parentExecutionId="ff4ff094-aab8-4376-83bf-ae688a5cd536" testId="2f5f2f91-d048-67db-247e-64961b2d51fc" testName="ValidElementParsingTest" computerName="COOLERMASTER" duration="00:00:00.0001342" startTime="2014-01-05T23:43:21.5825727+06:00" endTime="2014-01-05T23:43:21.5825727+06:00" testType="13cdc9d9-ddb5-4fa4-a97d-d965ccfc6d4b" outcome="Passed" testListId="8c84fa94-04c1-424b-9868-57a2d4851a1d" relativeResultsDirectory="ff4ff094-aab8-4376-83bf-ae688a5cd536" dataRowInfo="2" resultType="DataDrivenDataRow" />
      </InnerResults>
    </UnitTestResult>
    <UnitTestResult executionId="f73e643b-5810-4f73-bc03-f77fbe701c7a" testId="8fb2f048-a5d0-17d6-d110-6264759497dd" testName="DParserUsingTest" computerName="COOLERMASTER" duration="00:00:00.0003843" startTime="2014-01-05T23:43:21.5845728+06:00" endTime="2014-01-05T23:43:21.5975735+06:00" testType="13cdc9d9-ddb5-4fa4-a97d-d965ccfc6d4b" outcome="Passed" testListId="8c84fa94-04c1-424b-9868-57a2d4851a1d" relativeResultsDirectory="f73e643b-5810-4f73-bc03-f77fbe701c7a">
    </UnitTestResult>
  </Results>
</TestRun>