<?xml version="1.0" encoding="UTF-8"?>
<TestRun id="10fc22f7-faf7-4631-a34f-b6a9a7670c0d" name="Valentin@COOLERMASTER 2014-01-06 00:12:10" runUser="CoolerMaster\Valentin" xmlns="http://microsoft.com/schemas/VisualStudio/TeamTest/2010">
  <TestSettings name="Локальные" id="b11d5189-8198-4f1a-b032-53f58b3280e4">
    <Description>Это - параметры по умолчанию для локального тестового запуска.</Description>
    <Deployment runDeploymentRoot="Valentin_COOLERMASTER 2014-01-06 00_12_10">
      <DeploymentItem filename="C:\Users\Valentin\SkyDrive\Документы\Visual Studio Projects\2010\MyTorrent\BencodeDataParser\bin\Debug\BencodeDataParser.dll" />
    </Deployment>
    <Execution>
      <TestTypeSpecific>
        <UnitTestRunConfig testTypeId="13cdc9d9-ddb5-4fa4-a97d-d965ccfc6d4b">
          <AssemblyResolution>
            <TestDirectory useLoadContext="true" />
          </AssemblyResolution>
        </UnitTestRunConfig>
        <WebTestRunConfiguration testTypeId="4e7599fa-5ecb-43e9-a887-cd63cf72d207">
          <Browser name="Internet Explorer 7.0">
            <Headers>
              <Header name="User-Agent" value="Mozilla/4.0 (compatible; MSIE 7.0; Windows NT 5.1)" />
              <Header name="Accept" value="*/*" />
              <Header name="Accept-Language" value="{{$IEAcceptLanguage}}" />
              <Header name="Accept-Encoding" value="GZIP" />
            </Headers>
          </Browser>
        </WebTestRunConfiguration>
      </TestTypeSpecific>
      <AgentRule name="LocalMachineDefaultRole">
      </AgentRule>
    </Execution>
  </TestSettings>
  <Times creation="2014-01-06T00:12:10.2364460+06:00" queuing="2014-01-06T00:12:10.6844717+06:00" start="2014-01-06T00:12:10.7084730+06:00" finish="2014-01-06T00:12:12.0605504+06:00" />
  <ResultSummary outcome="Completed">
    <Counters total="56" executed="56" passed="56" error="0" failed="0" timeout="0" aborted="0" inconclusive="0" passedButRunAborted="0" notRunnable="0" notExecuted="0" disconnected="0" warning="0" completed="0" inProgress="0" pending="0" />
  </ResultSummary>
  <TestDefinitions>
    <UnitTest name="ValidElementParsingTest" storage="c:\users\valentin\skydrive\документы\visual studio projects\2010\mytorrent\bencodedataparser.tests\bin\debug\bencodedataparser.tests.dll" id="2f5f2f91-d048-67db-247e-64961b2d51fc">
      <DeploymentItems>
        <DeploymentItem filename="BencodeDataParser.Tests\4 DParser Tests\DParser Test Data Set (Valid).xml" />
      </DeploymentItems>
      <Execution id="91d85084-d31e-4d17-8f44-8693ce1f85d2" />
      <TestMethod codeBase="C:/Users/Valentin/SkyDrive/Документы/Visual Studio Projects/2010/MyTorrent/BencodeDataParser.Tests/bin/Debug/BencodeDataParser.Tests.DLL" adapterTypeName="Microsoft.VisualStudio.TestTools.TestTypes.Unit.UnitTestAdapter, Microsoft.VisualStudio.QualityTools.Tips.UnitTest.Adapter, Version=10.0.0.0, Culture=neutral, PublicKeyToken=b03f5f7f11d50a3a" className="MyTorrent.BencodeDataParser.Tests.DParserTest, BencodeDataParser.Tests, Version=1.0.0.0, Culture=neutral, PublicKeyToken=null" name="ValidElementParsingTest" />
      <DataSource connectionString="|DataDirectory|\DParser Test Data Set (Valid).xml" providerInvariantName="Microsoft.VisualStudio.TestTools.DataSource.XML" tableName="ValidElement" />
    </UnitTest>
    <UnitTest name="NParserUsingTest" storage="c:\users\valentin\skydrive\документы\visual studio projects\2010\mytorrent\bencodedataparser.tests\bin\debug\bencodedataparser.tests.dll" id="a7898a01-e786-a2b8-1a42-1dc503dc198f">
      <Execution id="52403a05-9a92-4f78-a715-470e3ba6cf20" />
      <TestMethod codeBase="C:/Users/Valentin/SkyDrive/Документы/Visual Studio Projects/2010/MyTorrent/BencodeDataParser.Tests/bin/Debug/BencodeDataParser.Tests.DLL" adapterTypeName="Microsoft.VisualStudio.TestTools.TestTypes.Unit.UnitTestAdapter, Microsoft.VisualStudio.QualityTools.Tips.UnitTest.Adapter, Version=10.0.0.0, Culture=neutral, PublicKeyToken=b03f5f7f11d50a3a" className="MyTorrent.BencodeDataParser.Tests.AggregativeParserTest, BencodeDataParser.Tests, Version=1.0.0.0, Culture=neutral, PublicKeyToken=null" name="NParserUsingTest" />
    </UnitTest>
    <UnitTest name="InvalidElementParsingTest" storage="c:\users\valentin\skydrive\документы\visual studio projects\2010\mytorrent\bencodedataparser.tests\bin\debug\bencodedataparser.tests.dll" id="7376997c-4bf7-6bc0-4bd5-95438115a667">
      <DeploymentItems>
        <DeploymentItem filename="BencodeDataParser.Tests\2 NParser Tests\NParser Test Data Set (Invalid).xml" />
      </DeploymentItems>
      <Execution id="7d547a35-10b2-4153-bd5f-ba909710f19f" />
      <TestMethod codeBase="C:/Users/Valentin/SkyDrive/Документы/Visual Studio Projects/2010/MyTorrent/BencodeDataParser.Tests/bin/Debug/BencodeDataParser.Tests.DLL" adapterTypeName="Microsoft.VisualStudio.TestTools.TestTypes.Unit.UnitTestAdapter, Microsoft.VisualStudio.QualityTools.Tips.UnitTest.Adapter, Version=10.0.0.0, Culture=neutral, PublicKeyToken=b03f5f7f11d50a3a" className="MyTorrent.BencodeDataParser.Tests.NParserTest, BencodeDataParser.Tests, Version=1.0.0.0, Culture=neutral, PublicKeyToken=null" name="InvalidElementParsingTest" />
      <DataSource connectionString="|DataDirectory|\NParser Test Data Set (Invalid).xml" providerInvariantName="Microsoft.VisualStudio.TestTools.DataSource.XML" tableName="InvalidElement" />
    </UnitTest>
    <UnitTest name="IncompleteElementParsingTest" storage="c:\users\valentin\skydrive\документы\visual studio projects\2010\mytorrent\bencodedataparser.tests\bin\debug\bencodedataparser.tests.dll" id="015cba85-591a-22e7-b5d6-017a72a03144">
      <DeploymentItems>
        <DeploymentItem filename="BencodeDataParser.Tests\2 NParser Tests\NParser Test Data Set (Incomplete).xml" />
      </DeploymentItems>
      <Execution id="5b23df77-6aa5-4036-9d61-128960cd17b5" />
      <TestMethod codeBase="C:/Users/Valentin/SkyDrive/Документы/Visual Studio Projects/2010/MyTorrent/BencodeDataParser.Tests/bin/Debug/BencodeDataParser.Tests.DLL" adapterTypeName="Microsoft.VisualStudio.TestTools.TestTypes.Unit.UnitTestAdapter, Microsoft.VisualStudio.QualityTools.Tips.UnitTest.Adapter, Version=10.0.0.0, Culture=neutral, PublicKeyToken=b03f5f7f11d50a3a" className="MyTorrent.BencodeDataParser.Tests.NParserTest, BencodeDataParser.Tests, Version=1.0.0.0, Culture=neutral, PublicKeyToken=null" name="IncompleteElementParsingTest" />
      <DataSource connectionString="|DataDirectory|\NParser Test Data Set (Incomplete).xml" providerInvariantName="Microsoft.VisualStudio.TestTools.DataSource.XML" tableName="IncompleteElement" />
    </UnitTest>
    <UnitTest name="IncompleteElementParsingTest" storage="c:\users\valentin\skydrive\документы\visual studio projects\2010\mytorrent\bencodedataparser.tests\bin\debug\bencodedataparser.tests.dll" id="f9a11e40-eaba-c423-bbfc-d5c275f37af2">
      <DeploymentItems>
        <DeploymentItem filename="BencodeDataParser.Tests\3 LParser Tests\LParser Test Data Set (Incomplete).xml" />
      </DeploymentItems>
      <Execution id="a72291fa-e649-40e9-9670-0210963a85bc" />
      <TestMethod codeBase="C:/Users/Valentin/SkyDrive/Документы/Visual Studio Projects/2010/MyTorrent/BencodeDataParser.Tests/bin/Debug/BencodeDataParser.Tests.DLL" adapterTypeName="Microsoft.VisualStudio.TestTools.TestTypes.Unit.UnitTestAdapter, Microsoft.VisualStudio.QualityTools.Tips.UnitTest.Adapter, Version=10.0.0.0, Culture=neutral, PublicKeyToken=b03f5f7f11d50a3a" className="MyTorrent.BencodeDataParser.Tests.LParserTest, BencodeDataParser.Tests, Version=1.0.0.0, Culture=neutral, PublicKeyToken=null" name="IncompleteElementParsingTest" />
      <DataSource connectionString="|DataDirectory|\LParser Test Data Set (Incomplete).xml" providerInvariantName="Microsoft.VisualStudio.TestTools.DataSource.XML" tableName="IncompleteElement" />
    </UnitTest>
    <UnitTest name="LParserUsingTest" storage="c:\users\valentin\skydrive\документы\visual studio projects\2010\mytorrent\bencodedataparser.tests\bin\debug\bencodedataparser.tests.dll" id="3439e34b-d2c8-e836-20ff-9592711313c8">
      <Execution id="fc874d09-a336-4bda-97ff-6e531d42cc0a" />
      <TestMethod codeBase="C:/Users/Valentin/SkyDrive/Документы/Visual Studio Projects/2010/MyTorrent/BencodeDataParser.Tests/bin/Debug/BencodeDataParser.Tests.DLL" adapterTypeName="Microsoft.VisualStudio.TestTools.TestTypes.Unit.UnitTestAdapter, Microsoft.VisualStudio.QualityTools.Tips.UnitTest.Adapter, Version=10.0.0.0, Culture=neutral, PublicKeyToken=b03f5f7f11d50a3a" className="MyTorrent.BencodeDataParser.Tests.AggregativeParserTest, BencodeDataParser.Tests, Version=1.0.0.0, Culture=neutral, PublicKeyToken=null" name="LParserUsingTest" />
    </UnitTest>
    <UnitTest name="SParserUsingTest" storage="c:\users\valentin\skydrive\документы\visual studio projects\2010\mytorrent\bencodedataparser.tests\bin\debug\bencodedataparser.tests.dll" id="a371adec-f5fa-02ba-86c2-db91866b836e">
      <Execution id="42f6b6a6-233d-426e-a0dc-5f7767d43399" />
      <TestMethod codeBase="C:/Users/Valentin/SkyDrive/Документы/Visual Studio Projects/2010/MyTorrent/BencodeDataParser.Tests/bin/Debug/BencodeDataParser.Tests.DLL" adapterTypeName="Microsoft.VisualStudio.TestTools.TestTypes.Unit.UnitTestAdapter, Microsoft.VisualStudio.QualityTools.Tips.UnitTest.Adapter, Version=10.0.0.0, Culture=neutral, PublicKeyToken=b03f5f7f11d50a3a" className="MyTorrent.BencodeDataParser.Tests.AggregativeParserTest, BencodeDataParser.Tests, Version=1.0.0.0, Culture=neutral, PublicKeyToken=null" name="SParserUsingTest" />
    </UnitTest>
    <UnitTest name="ValidElementParsingTest" storage="c:\users\valentin\skydrive\документы\visual studio projects\2010\mytorrent\bencodedataparser.tests\bin\debug\bencodedataparser.tests.dll" id="5b08592a-8184-aa51-5a50-4bb838cbeef9">
      <DeploymentItems>
        <DeploymentItem filename="BencodeDataParser.Tests\1 SParser Tests\SParser Test Data Set (Valid).xml" />
      </DeploymentItems>
      <Execution id="0bc7c6d9-de0e-4ee5-837b-ae9969a2d6e0" />
      <TestMethod codeBase="C:/Users/Valentin/SkyDrive/Документы/Visual Studio Projects/2010/MyTorrent/BencodeDataParser.Tests/bin/Debug/BencodeDataParser.Tests.DLL" adapterTypeName="Microsoft.VisualStudio.TestTools.TestTypes.Unit.UnitTestAdapter, Microsoft.VisualStudio.QualityTools.Tips.UnitTest.Adapter, Version=10.0.0.0, Culture=neutral, PublicKeyToken=b03f5f7f11d50a3a" className="MyTorrent.BencodeDataParser.Tests.SParserTest, BencodeDataParser.Tests, Version=1.0.0.0, Culture=neutral, PublicKeyToken=null" name="ValidElementParsingTest" />
      <DataSource connectionString="|DataDirectory|\SParser Test Data Set (Valid).xml" providerInvariantName="Microsoft.VisualStudio.TestTools.DataSource.XML" tableName="ValidElement" />
    </UnitTest>
    <UnitTest name="ValidElementParsingTest" storage="c:\users\valentin\skydrive\документы\visual studio projects\2010\mytorrent\bencodedataparser.tests\bin\debug\bencodedataparser.tests.dll" id="fc970ab4-c43e-2989-024e-7e37859d4f44">
      <DeploymentItems>
        <DeploymentItem filename="BencodeDataParser.Tests\2 NParser Tests\NParser Test Data Set (Valid).xml" />
      </DeploymentItems>
      <Execution id="44b9ac96-acc2-4c55-9d6d-d574df304fae" />
      <TestMethod codeBase="C:/Users/Valentin/SkyDrive/Документы/Visual Studio Projects/2010/MyTorrent/BencodeDataParser.Tests/bin/Debug/BencodeDataParser.Tests.DLL" adapterTypeName="Microsoft.VisualStudio.TestTools.TestTypes.Unit.UnitTestAdapter, Microsoft.VisualStudio.QualityTools.Tips.UnitTest.Adapter, Version=10.0.0.0, Culture=neutral, PublicKeyToken=b03f5f7f11d50a3a" className="MyTorrent.BencodeDataParser.Tests.NParserTest, BencodeDataParser.Tests, Version=1.0.0.0, Culture=neutral, PublicKeyToken=null" name="ValidElementParsingTest" />
      <DataSource connectionString="|DataDirectory|\NParser Test Data Set (Valid).xml" providerInvariantName="Microsoft.VisualStudio.TestTools.DataSource.XML" tableName="ValidElement" />
    </UnitTest>
    <UnitTest name="EmptyStreamHandlingTest" storage="c:\users\valentin\skydrive\документы\visual studio projects\2010\mytorrent\bencodedataparser.tests\bin\debug\bencodedataparser.tests.dll" id="302dccb6-8d9a-198b-970b-df5973444e92">
      <Execution id="2b4d6515-a65c-4e93-b71e-73e668967a09" />
      <TestMethod codeBase="C:/Users/Valentin/SkyDrive/Документы/Visual Studio Projects/2010/MyTorrent/BencodeDataParser.Tests/bin/Debug/BencodeDataParser.Tests.DLL" adapterTypeName="Microsoft.VisualStudio.TestTools.TestTypes.Unit.UnitTestAdapter, Microsoft.VisualStudio.QualityTools.Tips.UnitTest.Adapter, Version=10.0.0.0, Culture=neutral, PublicKeyToken=b03f5f7f11d50a3a" className="MyTorrent.BencodeDataParser.Tests.AggregativeParserTest, BencodeDataParser.Tests, Version=1.0.0.0, Culture=neutral, PublicKeyToken=null" name="EmptyStreamHandlingTest" />
    </UnitTest>
    <UnitTest name="BencodeDataParsingTest" storage="c:\users\valentin\skydrive\документы\visual studio projects\2010\mytorrent\bencodedataparser.tests\bin\debug\bencodedataparser.tests.dll" id="55c6f188-8d06-bf74-23e7-d5fe4b2e81a2">
      <Execution id="bf61efba-f124-4db8-b9e3-62ec57e38b6b" />
      <TestMethod codeBase="C:/Users/Valentin/SkyDrive/Документы/Visual Studio Projects/2010/MyTorrent/BencodeDataParser.Tests/bin/Debug/BencodeDataParser.Tests.DLL" adapterTypeName="Microsoft.VisualStudio.TestTools.TestTypes.Unit.UnitTestAdapter, Microsoft.VisualStudio.QualityTools.Tips.UnitTest.Adapter, Version=10.0.0.0, Culture=neutral, PublicKeyToken=b03f5f7f11d50a3a" className="MyTorrent.BencodeDataParser.Tests.BencodeDataParserTest, BencodeDataParser.Tests, Version=1.0.0.0, Culture=neutral, PublicKeyToken=null" name="BencodeDataParsingTest" />
    </UnitTest>
    <UnitTest name="DParserUsingTest" storage="c:\users\valentin\skydrive\документы\visual studio projects\2010\mytorrent\bencodedataparser.tests\bin\debug\bencodedataparser.tests.dll" id="8fb2f048-a5d0-17d6-d110-6264759497dd">
      <Execution id="da602079-fec6-45c4-8c8a-508a33dc4647" />
      <TestMethod codeBase="C:/Users/Valentin/SkyDrive/Документы/Visual Studio Projects/2010/MyTorrent/BencodeDataParser.Tests/bin/Debug/BencodeDataParser.Tests.DLL" adapterTypeName="Microsoft.VisualStudio.TestTools.TestTypes.Unit.UnitTestAdapter, Microsoft.VisualStudio.QualityTools.Tips.UnitTest.Adapter, Version=10.0.0.0, Culture=neutral, PublicKeyToken=b03f5f7f11d50a3a" className="MyTorrent.BencodeDataParser.Tests.AggregativeParserTest, BencodeDataParser.Tests, Version=1.0.0.0, Culture=neutral, PublicKeyToken=null" name="DParserUsingTest" />
    </UnitTest>
    <UnitTest name="IncompleteElementParsingTest" storage="c:\users\valentin\skydrive\документы\visual studio projects\2010\mytorrent\bencodedataparser.tests\bin\debug\bencodedataparser.tests.dll" id="7de5509c-14a9-93b8-6134-93327df48a3d">
      <DeploymentItems>
        <DeploymentItem filename="BencodeDataParser.Tests\1 SParser Tests\SParser Test Data Set (Incomplete).xml" />
      </DeploymentItems>
      <Execution id="31282bcb-21a5-48c3-9ca7-6832424bc5e6" />
      <TestMethod codeBase="C:/Users/Valentin/SkyDrive/Документы/Visual Studio Projects/2010/MyTorrent/BencodeDataParser.Tests/bin/Debug/BencodeDataParser.Tests.DLL" adapterTypeName="Microsoft.VisualStudio.TestTools.TestTypes.Unit.UnitTestAdapter, Microsoft.VisualStudio.QualityTools.Tips.UnitTest.Adapter, Version=10.0.0.0, Culture=neutral, PublicKeyToken=b03f5f7f11d50a3a" className="MyTorrent.BencodeDataParser.Tests.SParserTest, BencodeDataParser.Tests, Version=1.0.0.0, Culture=neutral, PublicKeyToken=null" name="IncompleteElementParsingTest" />
      <DataSource connectionString="|DataDirectory|\SParser Test Data Set (Incomplete).xml" providerInvariantName="Microsoft.VisualStudio.TestTools.DataSource.XML" tableName="IncompleteElement" />
    </UnitTest>
    <UnitTest name="ValidElementParsingTest" storage="c:\users\valentin\skydrive\документы\visual studio projects\2010\mytorrent\bencodedataparser.tests\bin\debug\bencodedataparser.tests.dll" id="fe76ef3b-b625-2cca-bb3f-3e75b231b39d">
      <DeploymentItems>
        <DeploymentItem filename="BencodeDataParser.Tests\3 LParser Tests\LParser Test Data Set (Valid).xml" />
      </DeploymentItems>
      <Execution id="7da05bed-a1eb-4fd2-97c6-f20c881de8f7" />
      <TestMethod codeBase="C:/Users/Valentin/SkyDrive/Документы/Visual Studio Projects/2010/MyTorrent/BencodeDataParser.Tests/bin/Debug/BencodeDataParser.Tests.DLL" adapterTypeName="Microsoft.VisualStudio.TestTools.TestTypes.Unit.UnitTestAdapter, Microsoft.VisualStudio.QualityTools.Tips.UnitTest.Adapter, Version=10.0.0.0, Culture=neutral, PublicKeyToken=b03f5f7f11d50a3a" className="MyTorrent.BencodeDataParser.Tests.LParserTest, BencodeDataParser.Tests, Version=1.0.0.0, Culture=neutral, PublicKeyToken=null" name="ValidElementParsingTest" />
      <DataSource connectionString="|DataDirectory|\LParser Test Data Set (Valid).xml" providerInvariantName="Microsoft.VisualStudio.TestTools.DataSource.XML" tableName="ValidElement" />
    </UnitTest>
    <UnitTest name="IncompleteElementParsingTest" storage="c:\users\valentin\skydrive\документы\visual studio projects\2010\mytorrent\bencodedataparser.tests\bin\debug\bencodedataparser.tests.dll" id="72b41d53-7abe-ab57-eb7d-7323fc02f699">
      <DeploymentItems>
        <DeploymentItem filename="BencodeDataParser.Tests\4 DParser Tests\DParser Test Data Set (Incomplete).xml" />
      </DeploymentItems>
      <Execution id="13b17a8c-7c5e-4f07-a40b-b6b3eb09f6f9" />
      <TestMethod codeBase="C:/Users/Valentin/SkyDrive/Документы/Visual Studio Projects/2010/MyTorrent/BencodeDataParser.Tests/bin/Debug/BencodeDataParser.Tests.DLL" adapterTypeName="Microsoft.VisualStudio.TestTools.TestTypes.Unit.UnitTestAdapter, Microsoft.VisualStudio.QualityTools.Tips.UnitTest.Adapter, Version=10.0.0.0, Culture=neutral, PublicKeyToken=b03f5f7f11d50a3a" className="MyTorrent.BencodeDataParser.Tests.DParserTest, BencodeDataParser.Tests, Version=1.0.0.0, Culture=neutral, PublicKeyToken=null" name="IncompleteElementParsingTest" />
      <DataSource connectionString="|DataDirectory|\DParser Test Data Set (Incomplete).xml" providerInvariantName="Microsoft.VisualStudio.TestTools.DataSource.XML" tableName="IncompleteElement" />
    </UnitTest>
    <UnitTest name="InvalidElementParsingTest" storage="c:\users\valentin\skydrive\документы\visual studio projects\2010\mytorrent\bencodedataparser.tests\bin\debug\bencodedataparser.tests.dll" id="a3344a46-45aa-a99c-8afc-3ad75dd305ac">
      <DeploymentItems>
        <DeploymentItem filename="BencodeDataParser.Tests\1 SParser Tests\SParser Test Data Set (Invalid).xml" />
      </DeploymentItems>
      <Execution id="b0143579-d7e1-4c33-9f74-8bb1395e5f77" />
      <TestMethod codeBase="C:/Users/Valentin/SkyDrive/Документы/Visual Studio Projects/2010/MyTorrent/BencodeDataParser.Tests/bin/Debug/BencodeDataParser.Tests.DLL" adapterTypeName="Microsoft.VisualStudio.TestTools.TestTypes.Unit.UnitTestAdapter, Microsoft.VisualStudio.QualityTools.Tips.UnitTest.Adapter, Version=10.0.0.0, Culture=neutral, PublicKeyToken=b03f5f7f11d50a3a" className="MyTorrent.BencodeDataParser.Tests.SParserTest, BencodeDataParser.Tests, Version=1.0.0.0, Culture=neutral, PublicKeyToken=null" name="InvalidElementParsingTest" />
      <DataSource connectionString="|DataDirectory|\SParser Test Data Set (Invalid).xml" providerInvariantName="Microsoft.VisualStudio.TestTools.DataSource.XML" tableName="InvalidElement" />
    </UnitTest>
    <UnitTest name="InvalidElementParsingTest" storage="c:\users\valentin\skydrive\документы\visual studio projects\2010\mytorrent\bencodedataparser.tests\bin\debug\bencodedataparser.tests.dll" id="1b8d6fac-8dd4-e19a-1fea-75794fce6133">
      <DeploymentItems>
        <DeploymentItem filename="BencodeDataParser.Tests\4 DParser Tests\DParser Test Data Set (Invalid).xml" />
      </DeploymentItems>
      <Execution id="0674b61f-1999-4931-8ba9-c41c0bfdae07" />
      <TestMethod codeBase="C:/Users/Valentin/SkyDrive/Документы/Visual Studio Projects/2010/MyTorrent/BencodeDataParser.Tests/bin/Debug/BencodeDataParser.Tests.DLL" adapterTypeName="Microsoft.VisualStudio.TestTools.TestTypes.Unit.UnitTestAdapter, Microsoft.VisualStudio.QualityTools.Tips.UnitTest.Adapter, Version=10.0.0.0, Culture=neutral, PublicKeyToken=b03f5f7f11d50a3a" className="MyTorrent.BencodeDataParser.Tests.DParserTest, BencodeDataParser.Tests, Version=1.0.0.0, Culture=neutral, PublicKeyToken=null" name="InvalidElementParsingTest" />
      <DataSource connectionString="|DataDirectory|\DParser Test Data Set (Invalid).xml" providerInvariantName="Microsoft.VisualStudio.TestTools.DataSource.XML" tableName="InvalidElement" />
    </UnitTest>
    <UnitTest name="InvalidMarkerHandlingTest" storage="c:\users\valentin\skydrive\документы\visual studio projects\2010\mytorrent\bencodedataparser.tests\bin\debug\bencodedataparser.tests.dll" id="a32c0159-d77d-f12d-0efe-4e2cdcfc48e3">
      <Execution id="3452c0bb-0a25-4328-94d1-ec2d74226a56" />
      <TestMethod codeBase="C:/Users/Valentin/SkyDrive/Документы/Visual Studio Projects/2010/MyTorrent/BencodeDataParser.Tests/bin/Debug/BencodeDataParser.Tests.DLL" adapterTypeName="Microsoft.VisualStudio.TestTools.TestTypes.Unit.UnitTestAdapter, Microsoft.VisualStudio.QualityTools.Tips.UnitTest.Adapter, Version=10.0.0.0, Culture=neutral, PublicKeyToken=b03f5f7f11d50a3a" className="MyTorrent.BencodeDataParser.Tests.AggregativeParserTest, BencodeDataParser.Tests, Version=1.0.0.0, Culture=neutral, PublicKeyToken=null" name="InvalidMarkerHandlingTest" />
    </UnitTest>
  </TestDefinitions>
  <TestLists>
    <TestList name="Отсутствующие в списке результаты" id="8c84fa94-04c1-424b-9868-57a2d4851a1d" />
    <TestList name="Все загруженные результаты" id="19431567-8539-422a-85d7-44ee4e166bda" />
  </TestLists>
  <TestEntries>
    <TestEntry testId="55c6f188-8d06-bf74-23e7-d5fe4b2e81a2" executionId="bf61efba-f124-4db8-b9e3-62ec57e38b6b" testListId="8c84fa94-04c1-424b-9868-57a2d4851a1d" />
    <TestEntry testId="a32c0159-d77d-f12d-0efe-4e2cdcfc48e3" executionId="3452c0bb-0a25-4328-94d1-ec2d74226a56" testListId="8c84fa94-04c1-424b-9868-57a2d4851a1d" />
    <TestEntry testId="fc970ab4-c43e-2989-024e-7e37859d4f44" executionId="44b9ac96-acc2-4c55-9d6d-d574df304fae" testListId="8c84fa94-04c1-424b-9868-57a2d4851a1d" />
    <TestEntry testId="015cba85-591a-22e7-b5d6-017a72a03144" executionId="5b23df77-6aa5-4036-9d61-128960cd17b5" testListId="8c84fa94-04c1-424b-9868-57a2d4851a1d" />
    <TestEntry testId="7376997c-4bf7-6bc0-4bd5-95438115a667" executionId="7d547a35-10b2-4153-bd5f-ba909710f19f" testListId="8c84fa94-04c1-424b-9868-57a2d4851a1d" />
    <TestEntry testId="fe76ef3b-b625-2cca-bb3f-3e75b231b39d" executionId="7da05bed-a1eb-4fd2-97c6-f20c881de8f7" testListId="8c84fa94-04c1-424b-9868-57a2d4851a1d" />
    <TestEntry testId="302dccb6-8d9a-198b-970b-df5973444e92" executionId="2b4d6515-a65c-4e93-b71e-73e668967a09" testListId="8c84fa94-04c1-424b-9868-57a2d4851a1d" />
    <TestEntry testId="a3344a46-45aa-a99c-8afc-3ad75dd305ac" executionId="b0143579-d7e1-4c33-9f74-8bb1395e5f77" testListId="8c84fa94-04c1-424b-9868-57a2d4851a1d" />
    <TestEntry testId="3439e34b-d2c8-e836-20ff-9592711313c8" executionId="fc874d09-a336-4bda-97ff-6e531d42cc0a" testListId="8c84fa94-04c1-424b-9868-57a2d4851a1d" />
    <TestEntry testId="f9a11e40-eaba-c423-bbfc-d5c275f37af2" executionId="a72291fa-e649-40e9-9670-0210963a85bc" testListId="8c84fa94-04c1-424b-9868-57a2d4851a1d" />
    <TestEntry testId="5b08592a-8184-aa51-5a50-4bb838cbeef9" executionId="0bc7c6d9-de0e-4ee5-837b-ae9969a2d6e0" testListId="8c84fa94-04c1-424b-9868-57a2d4851a1d" />
    <TestEntry testId="1b8d6fac-8dd4-e19a-1fea-75794fce6133" executionId="0674b61f-1999-4931-8ba9-c41c0bfdae07" testListId="8c84fa94-04c1-424b-9868-57a2d4851a1d" />
    <TestEntry testId="a7898a01-e786-a2b8-1a42-1dc503dc198f" executionId="52403a05-9a92-4f78-a715-470e3ba6cf20" testListId="8c84fa94-04c1-424b-9868-57a2d4851a1d" />
    <TestEntry testId="a371adec-f5fa-02ba-86c2-db91866b836e" executionId="42f6b6a6-233d-426e-a0dc-5f7767d43399" testListId="8c84fa94-04c1-424b-9868-57a2d4851a1d" />
    <TestEntry testId="7de5509c-14a9-93b8-6134-93327df48a3d" executionId="31282bcb-21a5-48c3-9ca7-6832424bc5e6" testListId="8c84fa94-04c1-424b-9868-57a2d4851a1d" />
    <TestEntry testId="72b41d53-7abe-ab57-eb7d-7323fc02f699" executionId="13b17a8c-7c5e-4f07-a40b-b6b3eb09f6f9" testListId="8c84fa94-04c1-424b-9868-57a2d4851a1d" />
    <TestEntry testId="2f5f2f91-d048-67db-247e-64961b2d51fc" executionId="91d85084-d31e-4d17-8f44-8693ce1f85d2" testListId="8c84fa94-04c1-424b-9868-57a2d4851a1d" />
    <TestEntry testId="8fb2f048-a5d0-17d6-d110-6264759497dd" executionId="da602079-fec6-45c4-8c8a-508a33dc4647" testListId="8c84fa94-04c1-424b-9868-57a2d4851a1d" />
  </TestEntries>
  <Results>
    <UnitTestResult executionId="bf61efba-f124-4db8-b9e3-62ec57e38b6b" testId="55c6f188-8d06-bf74-23e7-d5fe4b2e81a2" testName="BencodeDataParsingTest" computerName="COOLERMASTER" duration="00:00:00.0247977" startTime="2014-01-06T00:12:10.7204737+06:00" endTime="2014-01-06T00:12:11.1784999+06:00" testType="13cdc9d9-ddb5-4fa4-a97d-d965ccfc6d4b" outcome="Passed" testListId="8c84fa94-04c1-424b-9868-57a2d4851a1d" relativeResultsDirectory="bf61efba-f124-4db8-b9e3-62ec57e38b6b">
    </UnitTestResult>
    <UnitTestResult executionId="3452c0bb-0a25-4328-94d1-ec2d74226a56" testId="a32c0159-d77d-f12d-0efe-4e2cdcfc48e3" testName="InvalidMarkerHandlingTest" computerName="COOLERMASTER" duration="00:00:00.0059831" startTime="2014-01-06T00:12:11.1805000+06:00" endTime="2014-01-06T00:12:11.2415035+06:00" testType="13cdc9d9-ddb5-4fa4-a97d-d965ccfc6d4b" outcome="Passed" testListId="8c84fa94-04c1-424b-9868-57a2d4851a1d" relativeResultsDirectory="3452c0bb-0a25-4328-94d1-ec2d74226a56">
    </UnitTestResult>
    <UnitTestResult executionId="44b9ac96-acc2-4c55-9d6d-d574df304fae" testId="fc970ab4-c43e-2989-024e-7e37859d4f44" testName="ValidElementParsingTest" computerName="COOLERMASTER" duration="00:00:00.0368663" startTime="2014-01-06T00:12:11.2425036+06:00" endTime="2014-01-06T00:12:11.3035071+06:00" testType="13cdc9d9-ddb5-4fa4-a97d-d965ccfc6d4b" outcome="Passed" testListId="8c84fa94-04c1-424b-9868-57a2d4851a1d" relativeResultsDirectory="44b9ac96-acc2-4c55-9d6d-d574df304fae" resultType="DataDrivenTest">
      <Counters error="0" failed="0" timeout="0" aborted="0" inconclusive="0" passedButRunAborted="0" notRunnable="0" notExecuted="0" disconnected="0" warning="0" passed="4" completed="0" inProgress="0" pending="0" />
      <InnerResults>
        <UnitTestResult executionId="105667d8-95e8-4f3f-a171-240cc4e2f9e3" parentExecutionId="44b9ac96-acc2-4c55-9d6d-d574df304fae" testId="fc970ab4-c43e-2989-024e-7e37859d4f44" testName="ValidElementParsingTest" computerName="COOLERMASTER" duration="00:00:00.0025920" startTime="2014-01-06T00:12:11.2945065+06:00" endTime="2014-01-06T00:12:11.2975067+06:00" testType="13cdc9d9-ddb5-4fa4-a97d-d965ccfc6d4b" outcome="Passed" testListId="8c84fa94-04c1-424b-9868-57a2d4851a1d" relativeResultsDirectory="44b9ac96-acc2-4c55-9d6d-d574df304fae" dataRowInfo="0" resultType="DataDrivenDataRow" />
        <UnitTestResult executionId="2cc5edeb-2493-4a4a-aaa1-06363350bbfc" parentExecutionId="44b9ac96-acc2-4c55-9d6d-d574df304fae" testId="fc970ab4-c43e-2989-024e-7e37859d4f44" testName="ValidElementParsingTest" computerName="COOLERMASTER" duration="00:00:00.0000531" startTime="2014-01-06T00:12:11.2975067+06:00" endTime="2014-01-06T00:12:11.2975067+06:00" testType="13cdc9d9-ddb5-4fa4-a97d-d965ccfc6d4b" outcome="Passed" testListId="8c84fa94-04c1-424b-9868-57a2d4851a1d" relativeResultsDirectory="44b9ac96-acc2-4c55-9d6d-d574df304fae" dataRowInfo="1" resultType="DataDrivenDataRow" />
        <UnitTestResult executionId="8fbcb2f9-1be5-4998-aafa-5a02138a43b2" parentExecutionId="44b9ac96-acc2-4c55-9d6d-d574df304fae" testId="fc970ab4-c43e-2989-024e-7e37859d4f44" testName="ValidElementParsingTest" computerName="COOLERMASTER" duration="00:00:00.0000261" startTime="2014-01-06T00:12:11.2975067+06:00" endTime="2014-01-06T00:12:11.2975067+06:00" testType="13cdc9d9-ddb5-4fa4-a97d-d965ccfc6d4b" outcome="Passed" testListId="8c84fa94-04c1-424b-9868-57a2d4851a1d" relativeResultsDirectory="44b9ac96-acc2-4c55-9d6d-d574df304fae" dataRowInfo="2" resultType="DataDrivenDataRow" />
        <UnitTestResult executionId="a2dabb26-717a-4ebe-ab0d-9ba220dbafb0" parentExecutionId="44b9ac96-acc2-4c55-9d6d-d574df304fae" testId="fc970ab4-c43e-2989-024e-7e37859d4f44" testName="ValidElementParsingTest" computerName="COOLERMASTER" duration="00:00:00.0000297" startTime="2014-01-06T00:12:11.2975067+06:00" endTime="2014-01-06T00:12:11.2975067+06:00" testType="13cdc9d9-ddb5-4fa4-a97d-d965ccfc6d4b" outcome="Passed" testListId="8c84fa94-04c1-424b-9868-57a2d4851a1d" relativeResultsDirectory="44b9ac96-acc2-4c55-9d6d-d574df304fae" dataRowInfo="3" resultType="DataDrivenDataRow" />
      </InnerResults>
    </UnitTestResult>
    <UnitTestResult executionId="5b23df77-6aa5-4036-9d61-128960cd17b5" testId="015cba85-591a-22e7-b5d6-017a72a03144" testName="IncompleteElementParsingTest" computerName="COOLERMASTER" duration="00:00:00.0038781" startTime="2014-01-06T00:12:11.3115075+06:00" endTime="2014-01-06T00:12:11.3625104+06:00" testType="13cdc9d9-ddb5-4fa4-a97d-d965ccfc6d4b" outcome="Passed" testListId="8c84fa94-04c1-424b-9868-57a2d4851a1d" relativeResultsDirectory="5b23df77-6aa5-4036-9d61-128960cd17b5" resultType="DataDrivenTest">
      <Counters error="0" failed="0" timeout="0" aborted="0" inconclusive="0" passedButRunAborted="0" notRunnable="0" notExecuted="0" disconnected="0" warning="0" passed="2" completed="0" inProgress="0" pending="0" />
      <InnerResults>
        <UnitTestResult executionId="d925e013-84ec-485b-9753-6c2c97049078" parentExecutionId="5b23df77-6aa5-4036-9d61-128960cd17b5" testId="015cba85-591a-22e7-b5d6-017a72a03144" testName="IncompleteElementParsingTest" computerName="COOLERMASTER" duration="00:00:00.0008746" startTime="2014-01-06T00:12:11.3305086+06:00" endTime="2014-01-06T00:12:11.3315087+06:00" testType="13cdc9d9-ddb5-4fa4-a97d-d965ccfc6d4b" outcome="Passed" testListId="8c84fa94-04c1-424b-9868-57a2d4851a1d" relativeResultsDirectory="5b23df77-6aa5-4036-9d61-128960cd17b5" dataRowInfo="0" resultType="DataDrivenDataRow" />
        <UnitTestResult executionId="6c41edd9-4a8b-4de8-a902-61928d2fcead" parentExecutionId="5b23df77-6aa5-4036-9d61-128960cd17b5" testId="015cba85-591a-22e7-b5d6-017a72a03144" testName="IncompleteElementParsingTest" computerName="COOLERMASTER" duration="00:00:00.0001496" startTime="2014-01-06T00:12:11.3315087+06:00" endTime="2014-01-06T00:12:11.3315087+06:00" testType="13cdc9d9-ddb5-4fa4-a97d-d965ccfc6d4b" outcome="Passed" testListId="8c84fa94-04c1-424b-9868-57a2d4851a1d" relativeResultsDirectory="5b23df77-6aa5-4036-9d61-128960cd17b5" dataRowInfo="1" resultType="DataDrivenDataRow" />
      </InnerResults>
    </UnitTestResult>
    <UnitTestResult executionId="7d547a35-10b2-4153-bd5f-ba909710f19f" testId="7376997c-4bf7-6bc0-4bd5-95438115a667" testName="InvalidElementParsingTest" computerName="COOLERMASTER" duration="00:00:00.0051228" startTime="2014-01-06T00:12:11.3635105+06:00" endTime="2014-01-06T00:12:11.4255140+06:00" testType="13cdc9d9-ddb5-4fa4-a97d-d965ccfc6d4b" outcome="Passed" testListId="8c84fa94-04c1-424b-9868-57a2d4851a1d" relativeResultsDirectory="7d547a35-10b2-4153-bd5f-ba909710f19f" resultType="DataDrivenTest">
      <Counters error="0" failed="0" timeout="0" aborted="0" inconclusive="0" passedButRunAborted="0" notRunnable="0" notExecuted="0" disconnected="0" warning="0" passed="8" completed="0" inProgress="0" pending="0" />
      <InnerResults>
        <UnitTestResult executionId="bcbc61e7-0fed-4905-97b6-a2d4a0f90446" parentExecutionId="7d547a35-10b2-4153-bd5f-ba909710f19f" testId="7376997c-4bf7-6bc0-4bd5-95438115a667" testName="InvalidElementParsingTest" computerName="COOLERMASTER" duration="00:00:00.0007561" startTime="2014-01-06T00:12:11.4065130+06:00" endTime="2014-01-06T00:12:11.4065130+06:00" testType="13cdc9d9-ddb5-4fa4-a97d-d965ccfc6d4b" outcome="Passed" testListId="8c84fa94-04c1-424b-9868-57a2d4851a1d" relativeResultsDirectory="7d547a35-10b2-4153-bd5f-ba909710f19f" dataRowInfo="0" resultType="DataDrivenDataRow" />
        <UnitTestResult executionId="59bd0382-d768-453b-81a7-a88586f74964" parentExecutionId="7d547a35-10b2-4153-bd5f-ba909710f19f" testId="7376997c-4bf7-6bc0-4bd5-95438115a667" testName="InvalidElementParsingTest" computerName="COOLERMASTER" duration="00:00:00.0000612" startTime="2014-01-06T00:12:11.4065130+06:00" endTime="2014-01-06T00:12:11.4065130+06:00" testType="13cdc9d9-ddb5-4fa4-a97d-d965ccfc6d4b" outcome="Passed" testListId="8c84fa94-04c1-424b-9868-57a2d4851a1d" relativeResultsDirectory="7d547a35-10b2-4153-bd5f-ba909710f19f" dataRowInfo="1" resultType="DataDrivenDataRow" />
        <UnitTestResult executionId="03074e7b-af57-4df0-a969-4705cdebd6af" parentExecutionId="7d547a35-10b2-4153-bd5f-ba909710f19f" testId="7376997c-4bf7-6bc0-4bd5-95438115a667" testName="InvalidElementParsingTest" computerName="COOLERMASTER" duration="00:00:00.0002127" startTime="2014-01-06T00:12:11.4065130+06:00" endTime="2014-01-06T00:12:11.4075130+06:00" testType="13cdc9d9-ddb5-4fa4-a97d-d965ccfc6d4b" outcome="Passed" testListId="8c84fa94-04c1-424b-9868-57a2d4851a1d" relativeResultsDirectory="7d547a35-10b2-4153-bd5f-ba909710f19f" dataRowInfo="2" resultType="DataDrivenDataRow" />
        <UnitTestResult executionId="52131729-8303-479e-a3aa-2cd189550cd0" parentExecutionId="7d547a35-10b2-4153-bd5f-ba909710f19f" testId="7376997c-4bf7-6bc0-4bd5-95438115a667" testName="InvalidElementParsingTest" computerName="COOLERMASTER" duration="00:00:00.0000698" startTime="2014-01-06T00:12:11.4075130+06:00" endTime="2014-01-06T00:12:11.4075130+06:00" testType="13cdc9d9-ddb5-4fa4-a97d-d965ccfc6d4b" outcome="Passed" testListId="8c84fa94-04c1-424b-9868-57a2d4851a1d" relativeResultsDirectory="7d547a35-10b2-4153-bd5f-ba909710f19f" dataRowInfo="3" resultType="DataDrivenDataRow" />
        <UnitTestResult executionId="990b241d-0b68-4189-b135-baf785998d49" parentExecutionId="7d547a35-10b2-4153-bd5f-ba909710f19f" testId="7376997c-4bf7-6bc0-4bd5-95438115a667" testName="InvalidElementParsingTest" computerName="COOLERMASTER" duration="00:00:00.0000626" startTime="2014-01-06T00:12:11.4075130+06:00" endTime="2014-01-06T00:12:11.4075130+06:00" testType="13cdc9d9-ddb5-4fa4-a97d-d965ccfc6d4b" outcome="Passed" testListId="8c84fa94-04c1-424b-9868-57a2d4851a1d" relativeResultsDirectory="7d547a35-10b2-4153-bd5f-ba909710f19f" dataRowInfo="4" resultType="DataDrivenDataRow" />
        <UnitTestResult executionId="6433147b-c28f-4fac-a251-13d9c75cf1f1" parentExecutionId="7d547a35-10b2-4153-bd5f-ba909710f19f" testId="7376997c-4bf7-6bc0-4bd5-95438115a667" testName="InvalidElementParsingTest" computerName="COOLERMASTER" duration="00:00:00.0000689" startTime="2014-01-06T00:12:11.4075130+06:00" endTime="2014-01-06T00:12:11.4075130+06:00" testType="13cdc9d9-ddb5-4fa4-a97d-d965ccfc6d4b" outcome="Passed" testListId="8c84fa94-04c1-424b-9868-57a2d4851a1d" relativeResultsDirectory="7d547a35-10b2-4153-bd5f-ba909710f19f" dataRowInfo="5" resultType="DataDrivenDataRow" />
        <UnitTestResult executionId="7afd76c0-b3d3-4a3d-b9e5-a63d4161c1c5" parentExecutionId="7d547a35-10b2-4153-bd5f-ba909710f19f" testId="7376997c-4bf7-6bc0-4bd5-95438115a667" testName="InvalidElementParsingTest" computerName="COOLERMASTER" duration="00:00:00.0000644" startTime="2014-01-06T00:12:11.4075130+06:00" endTime="2014-01-06T00:12:11.4075130+06:00" testType="13cdc9d9-ddb5-4fa4-a97d-d965ccfc6d4b" outcome="Passed" testListId="8c84fa94-04c1-424b-9868-57a2d4851a1d" relativeResultsDirectory="7d547a35-10b2-4153-bd5f-ba909710f19f" dataRowInfo="6" resultType="DataDrivenDataRow" />
        <UnitTestResult executionId="6a31e64b-aa69-4bd9-ae6f-70831e21dfd0" parentExecutionId="7d547a35-10b2-4153-bd5f-ba909710f19f" testId="7376997c-4bf7-6bc0-4bd5-95438115a667" testName="InvalidElementParsingTest" computerName="COOLERMASTER" duration="00:00:00.0001752" startTime="2014-01-06T00:12:11.4075130+06:00" endTime="2014-01-06T00:12:11.4075130+06:00" testType="13cdc9d9-ddb5-4fa4-a97d-d965ccfc6d4b" outcome="Passed" testListId="8c84fa94-04c1-424b-9868-57a2d4851a1d" relativeResultsDirectory="7d547a35-10b2-4153-bd5f-ba909710f19f" dataRowInfo="7" resultType="DataDrivenDataRow" />
      </InnerResults>
    </UnitTestResult>
    <UnitTestResult executionId="7da05bed-a1eb-4fd2-97c6-f20c881de8f7" testId="fe76ef3b-b625-2cca-bb3f-3e75b231b39d" testName="ValidElementParsingTest" computerName="COOLERMASTER" duration="00:00:00.0187880" startTime="2014-01-06T00:12:11.4265141+06:00" endTime="2014-01-06T00:12:11.4765170+06:00" testType="13cdc9d9-ddb5-4fa4-a97d-d965ccfc6d4b" outcome="Passed" testListId="8c84fa94-04c1-424b-9868-57a2d4851a1d" relativeResultsDirectory="7da05bed-a1eb-4fd2-97c6-f20c881de8f7" resultType="DataDrivenTest">
      <Counters error="0" failed="0" timeout="0" aborted="0" inconclusive="0" passedButRunAborted="0" notRunnable="0" notExecuted="0" disconnected="0" warning="0" passed="3" completed="0" inProgress="0" pending="0" />
      <InnerResults>
        <UnitTestResult executionId="36e8c8c1-3414-4798-ba77-d5b0d29c36cd" parentExecutionId="7da05bed-a1eb-4fd2-97c6-f20c881de8f7" testId="fe76ef3b-b625-2cca-bb3f-3e75b231b39d" testName="ValidElementParsingTest" computerName="COOLERMASTER" duration="00:00:00.0033189" startTime="2014-01-06T00:12:11.4705166+06:00" endTime="2014-01-06T00:12:11.4735168+06:00" testType="13cdc9d9-ddb5-4fa4-a97d-d965ccfc6d4b" outcome="Passed" testListId="8c84fa94-04c1-424b-9868-57a2d4851a1d" relativeResultsDirectory="7da05bed-a1eb-4fd2-97c6-f20c881de8f7" dataRowInfo="0" resultType="DataDrivenDataRow" />
        <UnitTestResult executionId="cf1b61e2-4468-400b-89e5-5a5d31b99caa" parentExecutionId="7da05bed-a1eb-4fd2-97c6-f20c881de8f7" testId="fe76ef3b-b625-2cca-bb3f-3e75b231b39d" testName="ValidElementParsingTest" computerName="COOLERMASTER" duration="00:00:00.0010161" startTime="2014-01-06T00:12:11.4735168+06:00" endTime="2014-01-06T00:12:11.4755169+06:00" testType="13cdc9d9-ddb5-4fa4-a97d-d965ccfc6d4b" outcome="Passed" testListId="8c84fa94-04c1-424b-9868-57a2d4851a1d" relativeResultsDirectory="7da05bed-a1eb-4fd2-97c6-f20c881de8f7" dataRowInfo="1" resultType="DataDrivenDataRow" />
        <UnitTestResult executionId="66385a9f-bc05-4107-be63-e954486b798a" parentExecutionId="7da05bed-a1eb-4fd2-97c6-f20c881de8f7" testId="fe76ef3b-b625-2cca-bb3f-3e75b231b39d" testName="ValidElementParsingTest" computerName="COOLERMASTER" duration="00:00:00.0001221" startTime="2014-01-06T00:12:11.4755169+06:00" endTime="2014-01-06T00:12:11.4755169+06:00" testType="13cdc9d9-ddb5-4fa4-a97d-d965ccfc6d4b" outcome="Passed" testListId="8c84fa94-04c1-424b-9868-57a2d4851a1d" relativeResultsDirectory="7da05bed-a1eb-4fd2-97c6-f20c881de8f7" dataRowInfo="2" resultType="DataDrivenDataRow" />
      </InnerResults>
    </UnitTestResult>
    <UnitTestResult executionId="2b4d6515-a65c-4e93-b71e-73e668967a09" testId="302dccb6-8d9a-198b-970b-df5973444e92" testName="EmptyStreamHandlingTest" computerName="COOLERMASTER" duration="00:00:00.0020986" startTime="2014-01-06T00:12:11.4775170+06:00" endTime="2014-01-06T00:12:11.4825173+06:00" testType="13cdc9d9-ddb5-4fa4-a97d-d965ccfc6d4b" outcome="Passed" testListId="8c84fa94-04c1-424b-9868-57a2d4851a1d" relativeResultsDirectory="2b4d6515-a65c-4e93-b71e-73e668967a09">
    </UnitTestResult>
    <UnitTestResult executionId="b0143579-d7e1-4c33-9f74-8bb1395e5f77" testId="a3344a46-45aa-a99c-8afc-3ad75dd305ac" testName="InvalidElementParsingTest" computerName="COOLERMASTER" duration="00:00:00.0045537" startTime="2014-01-06T00:12:11.4885176+06:00" endTime="2014-01-06T00:12:11.5035185+06:00" testType="13cdc9d9-ddb5-4fa4-a97d-d965ccfc6d4b" outcome="Passed" testListId="8c84fa94-04c1-424b-9868-57a2d4851a1d" relativeResultsDirectory="b0143579-d7e1-4c33-9f74-8bb1395e5f77" resultType="DataDrivenTest">
      <Counters error="0" failed="0" timeout="0" aborted="0" inconclusive="0" passedButRunAborted="0" notRunnable="0" notExecuted="0" disconnected="0" warning="0" passed="4" completed="0" inProgress="0" pending="0" />
      <InnerResults>
        <UnitTestResult executionId="f6ba87c5-c8a3-42ed-81b5-f7ec9665dd09" parentExecutionId="b0143579-d7e1-4c33-9f74-8bb1395e5f77" testId="a3344a46-45aa-a99c-8afc-3ad75dd305ac" testName="InvalidElementParsingTest" computerName="COOLERMASTER" duration="00:00:00.0018291" startTime="2014-01-06T00:12:11.4935179+06:00" endTime="2014-01-06T00:12:11.4955180+06:00" testType="13cdc9d9-ddb5-4fa4-a97d-d965ccfc6d4b" outcome="Passed" testListId="8c84fa94-04c1-424b-9868-57a2d4851a1d" relativeResultsDirectory="b0143579-d7e1-4c33-9f74-8bb1395e5f77" dataRowInfo="0" resultType="DataDrivenDataRow" />
        <UnitTestResult executionId="39c5fe7e-3df7-4b05-b20c-0bd458bad8d1" parentExecutionId="b0143579-d7e1-4c33-9f74-8bb1395e5f77" testId="a3344a46-45aa-a99c-8afc-3ad75dd305ac" testName="InvalidElementParsingTest" computerName="COOLERMASTER" duration="00:00:00.0000730" startTime="2014-01-06T00:12:11.4955180+06:00" endTime="2014-01-06T00:12:11.4955180+06:00" testType="13cdc9d9-ddb5-4fa4-a97d-d965ccfc6d4b" outcome="Passed" testListId="8c84fa94-04c1-424b-9868-57a2d4851a1d" relativeResultsDirectory="b0143579-d7e1-4c33-9f74-8bb1395e5f77" dataRowInfo="1" resultType="DataDrivenDataRow" />
        <UnitTestResult executionId="6e0f8252-2f97-46c8-bbbe-379483112661" parentExecutionId="b0143579-d7e1-4c33-9f74-8bb1395e5f77" testId="a3344a46-45aa-a99c-8afc-3ad75dd305ac" testName="InvalidElementParsingTest" computerName="COOLERMASTER" duration="00:00:00.0000626" startTime="2014-01-06T00:12:11.4955180+06:00" endTime="2014-01-06T00:12:11.4955180+06:00" testType="13cdc9d9-ddb5-4fa4-a97d-d965ccfc6d4b" outcome="Passed" testListId="8c84fa94-04c1-424b-9868-57a2d4851a1d" relativeResultsDirectory="b0143579-d7e1-4c33-9f74-8bb1395e5f77" dataRowInfo="2" resultType="DataDrivenDataRow" />
        <UnitTestResult executionId="ec40ad16-a01b-4190-95d6-41f0adf1cc21" parentExecutionId="b0143579-d7e1-4c33-9f74-8bb1395e5f77" testId="a3344a46-45aa-a99c-8afc-3ad75dd305ac" testName="InvalidElementParsingTest" computerName="COOLERMASTER" duration="00:00:00.0000590" startTime="2014-01-06T00:12:11.4955180+06:00" endTime="2014-01-06T00:12:11.4955180+06:00" testType="13cdc9d9-ddb5-4fa4-a97d-d965ccfc6d4b" outcome="Passed" testListId="8c84fa94-04c1-424b-9868-57a2d4851a1d" relativeResultsDirectory="b0143579-d7e1-4c33-9f74-8bb1395e5f77" dataRowInfo="3" resultType="DataDrivenDataRow" />
      </InnerResults>
    </UnitTestResult>
    <UnitTestResult executionId="fc874d09-a336-4bda-97ff-6e531d42cc0a" testId="3439e34b-d2c8-e836-20ff-9592711313c8" testName="LParserUsingTest" computerName="COOLERMASTER" duration="00:00:00.0009941" startTime="2014-01-06T00:12:11.5145191+06:00" endTime="2014-01-06T00:12:11.5395206+06:00" testType="13cdc9d9-ddb5-4fa4-a97d-d965ccfc6d4b" outcome="Passed" testListId="8c84fa94-04c1-424b-9868-57a2d4851a1d" relativeResultsDirectory="fc874d09-a336-4bda-97ff-6e531d42cc0a">
    </UnitTestResult>
    <UnitTestResult executionId="a72291fa-e649-40e9-9670-0210963a85bc" testId="f9a11e40-eaba-c423-bbfc-d5c275f37af2" testName="IncompleteElementParsingTest" computerName="COOLERMASTER" duration="00:00:00.0036560" startTime="2014-01-06T00:12:11.5405206+06:00" endTime="2014-01-06T00:12:11.5645220+06:00" testType="13cdc9d9-ddb5-4fa4-a97d-d965ccfc6d4b" outcome="Passed" testListId="8c84fa94-04c1-424b-9868-57a2d4851a1d" relativeResultsDirectory="a72291fa-e649-40e9-9670-0210963a85bc" resultType="DataDrivenTest">
      <Counters error="0" failed="0" timeout="0" aborted="0" inconclusive="0" passedButRunAborted="0" notRunnable="0" notExecuted="0" disconnected="0" warning="0" passed="2" completed="0" inProgress="0" pending="0" />
      <InnerResults>
        <UnitTestResult executionId="0a255f50-615d-44aa-b0f8-933498e7fcd3" parentExecutionId="a72291fa-e649-40e9-9670-0210963a85bc" testId="f9a11e40-eaba-c423-bbfc-d5c275f37af2" testName="IncompleteElementParsingTest" computerName="COOLERMASTER" duration="00:00:00.0004754" startTime="2014-01-06T00:12:11.5635219+06:00" endTime="2014-01-06T00:12:11.5635219+06:00" testType="13cdc9d9-ddb5-4fa4-a97d-d965ccfc6d4b" outcome="Passed" testListId="8c84fa94-04c1-424b-9868-57a2d4851a1d" relativeResultsDirectory="a72291fa-e649-40e9-9670-0210963a85bc" dataRowInfo="0" resultType="DataDrivenDataRow" />
        <UnitTestResult executionId="91948b8a-9cf0-404a-9232-d883a61cacde" parentExecutionId="a72291fa-e649-40e9-9670-0210963a85bc" testId="f9a11e40-eaba-c423-bbfc-d5c275f37af2" testName="IncompleteElementParsingTest" computerName="COOLERMASTER" duration="00:00:00.0000612" startTime="2014-01-06T00:12:11.5635219+06:00" endTime="2014-01-06T00:12:11.5635219+06:00" testType="13cdc9d9-ddb5-4fa4-a97d-d965ccfc6d4b" outcome="Passed" testListId="8c84fa94-04c1-424b-9868-57a2d4851a1d" relativeResultsDirectory="a72291fa-e649-40e9-9670-0210963a85bc" dataRowInfo="1" resultType="DataDrivenDataRow" />
      </InnerResults>
    </UnitTestResult>
    <UnitTestResult executionId="0bc7c6d9-de0e-4ee5-837b-ae9969a2d6e0" testId="5b08592a-8184-aa51-5a50-4bb838cbeef9" testName="ValidElementParsingTest" computerName="COOLERMASTER" duration="00:00:00.0042116" startTime="2014-01-06T00:12:11.5665221+06:00" endTime="2014-01-06T00:12:11.5885234+06:00" testType="13cdc9d9-ddb5-4fa4-a97d-d965ccfc6d4b" outcome="Passed" testListId="8c84fa94-04c1-424b-9868-57a2d4851a1d" relativeResultsDirectory="0bc7c6d9-de0e-4ee5-837b-ae9969a2d6e0" resultType="DataDrivenTest">
      <Counters error="0" failed="0" timeout="0" aborted="0" inconclusive="0" passedButRunAborted="0" notRunnable="0" notExecuted="0" disconnected="0" warning="0" passed="3" completed="0" inProgress="0" pending="0" />
      <InnerResults>
        <UnitTestResult executionId="549b56c6-6b38-438b-9041-3dc80468f8c3" parentExecutionId="0bc7c6d9-de0e-4ee5-837b-ae9969a2d6e0" testId="5b08592a-8184-aa51-5a50-4bb838cbeef9" testName="ValidElementParsingTest" computerName="COOLERMASTER" duration="00:00:00.0006092" startTime="2014-01-06T00:12:11.5825230+06:00" endTime="2014-01-06T00:12:11.5835231+06:00" testType="13cdc9d9-ddb5-4fa4-a97d-d965ccfc6d4b" outcome="Passed" testListId="8c84fa94-04c1-424b-9868-57a2d4851a1d" relativeResultsDirectory="0bc7c6d9-de0e-4ee5-837b-ae9969a2d6e0" dataRowInfo="0" resultType="DataDrivenDataRow" />
        <UnitTestResult executionId="7252dfba-71b2-4ccb-8779-45ee3e120484" parentExecutionId="0bc7c6d9-de0e-4ee5-837b-ae9969a2d6e0" testId="5b08592a-8184-aa51-5a50-4bb838cbeef9" testName="ValidElementParsingTest" computerName="COOLERMASTER" duration="00:00:00.0000581" startTime="2014-01-06T00:12:11.5835231+06:00" endTime="2014-01-06T00:12:11.5835231+06:00" testType="13cdc9d9-ddb5-4fa4-a97d-d965ccfc6d4b" outcome="Passed" testListId="8c84fa94-04c1-424b-9868-57a2d4851a1d" relativeResultsDirectory="0bc7c6d9-de0e-4ee5-837b-ae9969a2d6e0" dataRowInfo="1" resultType="DataDrivenDataRow" />
        <UnitTestResult executionId="21fbd6f5-0b03-4da6-9ff5-f0364f443306" parentExecutionId="0bc7c6d9-de0e-4ee5-837b-ae9969a2d6e0" testId="5b08592a-8184-aa51-5a50-4bb838cbeef9" testName="ValidElementParsingTest" computerName="COOLERMASTER" duration="00:00:00.0000360" startTime="2014-01-06T00:12:11.5835231+06:00" endTime="2014-01-06T00:12:11.5835231+06:00" testType="13cdc9d9-ddb5-4fa4-a97d-d965ccfc6d4b" outcome="Passed" testListId="8c84fa94-04c1-424b-9868-57a2d4851a1d" relativeResultsDirectory="0bc7c6d9-de0e-4ee5-837b-ae9969a2d6e0" dataRowInfo="2" resultType="DataDrivenDataRow" />
      </InnerResults>
    </UnitTestResult>
    <UnitTestResult executionId="0674b61f-1999-4931-8ba9-c41c0bfdae07" testId="1b8d6fac-8dd4-e19a-1fea-75794fce6133" testName="InvalidElementParsingTest" computerName="COOLERMASTER" duration="00:00:00.0069091" startTime="2014-01-06T00:12:11.5975239+06:00" endTime="2014-01-06T00:12:11.6125247+06:00" testType="13cdc9d9-ddb5-4fa4-a97d-d965ccfc6d4b" outcome="Passed" testListId="8c84fa94-04c1-424b-9868-57a2d4851a1d" relativeResultsDirectory="0674b61f-1999-4931-8ba9-c41c0bfdae07" resultType="DataDrivenTest">
      <Counters error="0" failed="0" timeout="0" aborted="0" inconclusive="0" passedButRunAborted="0" notRunnable="0" notExecuted="0" disconnected="0" warning="0" passed="4" completed="0" inProgress="0" pending="0" />
      <InnerResults>
        <UnitTestResult executionId="784fae24-2ba3-4276-91fd-7e678197718f" parentExecutionId="0674b61f-1999-4931-8ba9-c41c0bfdae07" testId="1b8d6fac-8dd4-e19a-1fea-75794fce6133" testName="InvalidElementParsingTest" computerName="COOLERMASTER" duration="00:00:00.0039390" startTime="2014-01-06T00:12:11.6065244+06:00" endTime="2014-01-06T00:12:11.6105246+06:00" testType="13cdc9d9-ddb5-4fa4-a97d-d965ccfc6d4b" outcome="Passed" testListId="8c84fa94-04c1-424b-9868-57a2d4851a1d" relativeResultsDirectory="0674b61f-1999-4931-8ba9-c41c0bfdae07" dataRowInfo="0" resultType="DataDrivenDataRow" />
        <UnitTestResult executionId="e94305cf-3676-4364-92b7-aebc16475038" parentExecutionId="0674b61f-1999-4931-8ba9-c41c0bfdae07" testId="1b8d6fac-8dd4-e19a-1fea-75794fce6133" testName="InvalidElementParsingTest" computerName="COOLERMASTER" duration="00:00:00.0001099" startTime="2014-01-06T00:12:11.6105246+06:00" endTime="2014-01-06T00:12:11.6105246+06:00" testType="13cdc9d9-ddb5-4fa4-a97d-d965ccfc6d4b" outcome="Passed" testListId="8c84fa94-04c1-424b-9868-57a2d4851a1d" relativeResultsDirectory="0674b61f-1999-4931-8ba9-c41c0bfdae07" dataRowInfo="1" resultType="DataDrivenDataRow" />
        <UnitTestResult executionId="4fa6219b-2723-4a32-b5ea-eb51b3258452" parentExecutionId="0674b61f-1999-4931-8ba9-c41c0bfdae07" testId="1b8d6fac-8dd4-e19a-1fea-75794fce6133" testName="InvalidElementParsingTest" computerName="COOLERMASTER" duration="00:00:00.0002654" startTime="2014-01-06T00:12:11.6105246+06:00" endTime="2014-01-06T00:12:11.6105246+06:00" testType="13cdc9d9-ddb5-4fa4-a97d-d965ccfc6d4b" outcome="Passed" testListId="8c84fa94-04c1-424b-9868-57a2d4851a1d" relativeResultsDirectory="0674b61f-1999-4931-8ba9-c41c0bfdae07" dataRowInfo="2" resultType="DataDrivenDataRow" />
        <UnitTestResult executionId="48623c14-e36c-4688-b7d8-ca4188271d02" parentExecutionId="0674b61f-1999-4931-8ba9-c41c0bfdae07" testId="1b8d6fac-8dd4-e19a-1fea-75794fce6133" testName="InvalidElementParsingTest" computerName="COOLERMASTER" duration="00:00:00.0000757" startTime="2014-01-06T00:12:11.6105246+06:00" endTime="2014-01-06T00:12:11.6105246+06:00" testType="13cdc9d9-ddb5-4fa4-a97d-d965ccfc6d4b" outcome="Passed" testListId="8c84fa94-04c1-424b-9868-57a2d4851a1d" relativeResultsDirectory="0674b61f-1999-4931-8ba9-c41c0bfdae07" dataRowInfo="3" resultType="DataDrivenDataRow" />
      </InnerResults>
    </UnitTestResult>
    <UnitTestResult executionId="52403a05-9a92-4f78-a715-470e3ba6cf20" testId="a7898a01-e786-a2b8-1a42-1dc503dc198f" testName="NParserUsingTest" computerName="COOLERMASTER" duration="00:00:00.0003303" startTime="2014-01-06T00:12:11.6145249+06:00" endTime="2014-01-06T00:12:11.6465267+06:00" testType="13cdc9d9-ddb5-4fa4-a97d-d965ccfc6d4b" outcome="Passed" testListId="8c84fa94-04c1-424b-9868-57a2d4851a1d" relativeResultsDirectory="52403a05-9a92-4f78-a715-470e3ba6cf20">
    </UnitTestResult>
    <UnitTestResult executionId="42f6b6a6-233d-426e-a0dc-5f7767d43399" testId="a371adec-f5fa-02ba-86c2-db91866b836e" testName="SParserUsingTest" computerName="COOLERMASTER" duration="00:00:00.0002735" startTime="2014-01-06T00:12:11.6475267+06:00" endTime="2014-01-06T00:12:11.6645277+06:00" testType="13cdc9d9-ddb5-4fa4-a97d-d965ccfc6d4b" outcome="Passed" testListId="8c84fa94-04c1-424b-9868-57a2d4851a1d" relativeResultsDirectory="42f6b6a6-233d-426e-a0dc-5f7767d43399">
    </UnitTestResult>
    <UnitTestResult executionId="31282bcb-21a5-48c3-9ca7-6832424bc5e6" testId="7de5509c-14a9-93b8-6134-93327df48a3d" testName="IncompleteElementParsingTest" computerName="COOLERMASTER" duration="00:00:00.0032207" startTime="2014-01-06T00:12:11.6745283+06:00" endTime="2014-01-06T00:12:11.6815287+06:00" testType="13cdc9d9-ddb5-4fa4-a97d-d965ccfc6d4b" outcome="Passed" testListId="8c84fa94-04c1-424b-9868-57a2d4851a1d" relativeResultsDirectory="31282bcb-21a5-48c3-9ca7-6832424bc5e6" resultType="DataDrivenTest">
      <Counters error="0" failed="0" timeout="0" aborted="0" inconclusive="0" passedButRunAborted="0" notRunnable="0" notExecuted="0" disconnected="0" warning="0" passed="2" completed="0" inProgress="0" pending="0" />
      <InnerResults>
        <UnitTestResult executionId="fb7b7b2c-c5a2-49f6-888c-6a93b5fd4f72" parentExecutionId="31282bcb-21a5-48c3-9ca7-6832424bc5e6" testId="7de5509c-14a9-93b8-6134-93327df48a3d" testName="IncompleteElementParsingTest" computerName="COOLERMASTER" duration="00:00:00.0003181" startTime="2014-01-06T00:12:11.6805286+06:00" endTime="2014-01-06T00:12:11.6805286+06:00" testType="13cdc9d9-ddb5-4fa4-a97d-d965ccfc6d4b" outcome="Passed" testListId="8c84fa94-04c1-424b-9868-57a2d4851a1d" relativeResultsDirectory="31282bcb-21a5-48c3-9ca7-6832424bc5e6" dataRowInfo="0" resultType="DataDrivenDataRow" />
        <UnitTestResult executionId="5f6bc652-60ad-46a2-9790-876b8a572e1d" parentExecutionId="31282bcb-21a5-48c3-9ca7-6832424bc5e6" testId="7de5509c-14a9-93b8-6134-93327df48a3d" testName="IncompleteElementParsingTest" computerName="COOLERMASTER" duration="00:00:00.0000630" startTime="2014-01-06T00:12:11.6805286+06:00" endTime="2014-01-06T00:12:11.6805286+06:00" testType="13cdc9d9-ddb5-4fa4-a97d-d965ccfc6d4b" outcome="Passed" testListId="8c84fa94-04c1-424b-9868-57a2d4851a1d" relativeResultsDirectory="31282bcb-21a5-48c3-9ca7-6832424bc5e6" dataRowInfo="1" resultType="DataDrivenDataRow" />
      </InnerResults>
    </UnitTestResult>
    <UnitTestResult executionId="13b17a8c-7c5e-4f07-a40b-b6b3eb09f6f9" testId="72b41d53-7abe-ab57-eb7d-7323fc02f699" testName="IncompleteElementParsingTest" computerName="COOLERMASTER" duration="00:00:00.0032414" startTime="2014-01-06T00:12:11.6825287+06:00" endTime="2014-01-06T00:12:11.7135305+06:00" testType="13cdc9d9-ddb5-4fa4-a97d-d965ccfc6d4b" outcome="Passed" testListId="8c84fa94-04c1-424b-9868-57a2d4851a1d" relativeResultsDirectory="13b17a8c-7c5e-4f07-a40b-b6b3eb09f6f9" resultType="DataDrivenTest">
      <Counters error="0" failed="0" timeout="0" aborted="0" inconclusive="0" passedButRunAborted="0" notRunnable="0" notExecuted="0" disconnected="0" warning="0" passed="3" completed="0" inProgress="0" pending="0" />
      <InnerResults>
        <UnitTestResult executionId="2084d96d-800f-49ee-bbfd-54980dff8b0e" parentExecutionId="13b17a8c-7c5e-4f07-a40b-b6b3eb09f6f9" testId="72b41d53-7abe-ab57-eb7d-7323fc02f699" testName="IncompleteElementParsingTest" computerName="COOLERMASTER" duration="00:00:00.0002284" startTime="2014-01-06T00:12:11.7085302+06:00" endTime="2014-01-06T00:12:11.7085302+06:00" testType="13cdc9d9-ddb5-4fa4-a97d-d965ccfc6d4b" outcome="Passed" testListId="8c84fa94-04c1-424b-9868-57a2d4851a1d" relativeResultsDirectory="13b17a8c-7c5e-4f07-a40b-b6b3eb09f6f9" dataRowInfo="0" resultType="DataDrivenDataRow" />
        <UnitTestResult executionId="92df28d9-7a1d-4430-add8-514994e64a8f" parentExecutionId="13b17a8c-7c5e-4f07-a40b-b6b3eb09f6f9" testId="72b41d53-7abe-ab57-eb7d-7323fc02f699" testName="IncompleteElementParsingTest" computerName="COOLERMASTER" duration="00:00:00.0000657" startTime="2014-01-06T00:12:11.7085302+06:00" endTime="2014-01-06T00:12:11.7085302+06:00" testType="13cdc9d9-ddb5-4fa4-a97d-d965ccfc6d4b" outcome="Passed" testListId="8c84fa94-04c1-424b-9868-57a2d4851a1d" relativeResultsDirectory="13b17a8c-7c5e-4f07-a40b-b6b3eb09f6f9" dataRowInfo="1" resultType="DataDrivenDataRow" />
        <UnitTestResult executionId="da7197f5-c609-45fa-841e-1d7b575a825a" parentExecutionId="13b17a8c-7c5e-4f07-a40b-b6b3eb09f6f9" testId="72b41d53-7abe-ab57-eb7d-7323fc02f699" testName="IncompleteElementParsingTest" computerName="COOLERMASTER" duration="00:00:00.0000684" startTime="2014-01-06T00:12:11.7085302+06:00" endTime="2014-01-06T00:12:11.7085302+06:00" testType="13cdc9d9-ddb5-4fa4-a97d-d965ccfc6d4b" outcome="Passed" testListId="8c84fa94-04c1-424b-9868-57a2d4851a1d" relativeResultsDirectory="13b17a8c-7c5e-4f07-a40b-b6b3eb09f6f9" dataRowInfo="2" resultType="DataDrivenDataRow" />
      </InnerResults>
    </UnitTestResult>
    <UnitTestResult executionId="91d85084-d31e-4d17-8f44-8693ce1f85d2" testId="2f5f2f91-d048-67db-247e-64961b2d51fc" testName="ValidElementParsingTest" computerName="COOLERMASTER" duration="00:00:00.0066347" startTime="2014-01-06T00:12:11.7155306+06:00" endTime="2014-01-06T00:12:11.7405321+06:00" testType="13cdc9d9-ddb5-4fa4-a97d-d965ccfc6d4b" outcome="Passed" testListId="8c84fa94-04c1-424b-9868-57a2d4851a1d" relativeResultsDirectory="91d85084-d31e-4d17-8f44-8693ce1f85d2" resultType="DataDrivenTest">
      <Counters error="0" failed="0" timeout="0" aborted="0" inconclusive="0" passedButRunAborted="0" notRunnable="0" notExecuted="0" disconnected="0" warning="0" passed="3" completed="0" inProgress="0" pending="0" />
      <InnerResults>
        <UnitTestResult executionId="8fb51e85-2780-4c8b-8772-8d5d0ebff0be" parentExecutionId="91d85084-d31e-4d17-8f44-8693ce1f85d2" testId="2f5f2f91-d048-67db-247e-64961b2d51fc" testName="ValidElementParsingTest" computerName="COOLERMASTER" duration="00:00:00.0012635" startTime="2014-01-06T00:12:11.7365318+06:00" endTime="2014-01-06T00:12:11.7385319+06:00" testType="13cdc9d9-ddb5-4fa4-a97d-d965ccfc6d4b" outcome="Passed" testListId="8c84fa94-04c1-424b-9868-57a2d4851a1d" relativeResultsDirectory="91d85084-d31e-4d17-8f44-8693ce1f85d2" dataRowInfo="0" resultType="DataDrivenDataRow" />
        <UnitTestResult executionId="dde003e0-1d3b-49fd-a778-5cc51f331719" parentExecutionId="91d85084-d31e-4d17-8f44-8693ce1f85d2" testId="2f5f2f91-d048-67db-247e-64961b2d51fc" testName="ValidElementParsingTest" computerName="COOLERMASTER" duration="00:00:00.0007800" startTime="2014-01-06T00:12:11.7385319+06:00" endTime="2014-01-06T00:12:11.7385319+06:00" testType="13cdc9d9-ddb5-4fa4-a97d-d965ccfc6d4b" outcome="Passed" testListId="8c84fa94-04c1-424b-9868-57a2d4851a1d" relativeResultsDirectory="91d85084-d31e-4d17-8f44-8693ce1f85d2" dataRowInfo="1" resultType="DataDrivenDataRow" />
        <UnitTestResult executionId="8234765f-88ee-4ed1-bc7f-611a82d587d6" parentExecutionId="91d85084-d31e-4d17-8f44-8693ce1f85d2" testId="2f5f2f91-d048-67db-247e-64961b2d51fc" testName="ValidElementParsingTest" computerName="COOLERMASTER" duration="00:00:00.0001401" startTime="2014-01-06T00:12:11.7385319+06:00" endTime="2014-01-06T00:12:11.7395320+06:00" testType="13cdc9d9-ddb5-4fa4-a97d-d965ccfc6d4b" outcome="Passed" testListId="8c84fa94-04c1-424b-9868-57a2d4851a1d" relativeResultsDirectory="91d85084-d31e-4d17-8f44-8693ce1f85d2" dataRowInfo="2" resultType="DataDrivenDataRow" />
      </InnerResults>
    </UnitTestResult>
    <UnitTestResult executionId="da602079-fec6-45c4-8c8a-508a33dc4647" testId="8fb2f048-a5d0-17d6-d110-6264759497dd" testName="DParserUsingTest" computerName="COOLERMASTER" duration="00:00:00.0003429" startTime="2014-01-06T00:12:11.7425322+06:00" endTime="2014-01-06T00:12:11.7565330+06:00" testType="13cdc9d9-ddb5-4fa4-a97d-d965ccfc6d4b" outcome="Passed" testListId="8c84fa94-04c1-424b-9868-57a2d4851a1d" relativeResultsDirectory="da602079-fec6-45c4-8c8a-508a33dc4647">
    </UnitTestResult>
  </Results>
</TestRun>